Component: ARM Compiler 5.06 update 5 (build 528) Tool: armlink [4d35e2]

==============================================================================

Section Cross References

    startup_stm32f10x_hd.o(STACK) refers (Special) to heapauxi.o(.text) for __use_two_region_memory
    startup_stm32f10x_hd.o(HEAP) refers (Special) to heapauxi.o(.text) for __use_two_region_memory
    startup_stm32f10x_hd.o(RESET) refers (Special) to heapauxi.o(.text) for __use_two_region_memory
    startup_stm32f10x_hd.o(RESET) refers to startup_stm32f10x_hd.o(STACK) for __initial_sp
    startup_stm32f10x_hd.o(RESET) refers to startup_stm32f10x_hd.o(.text) for Reset_Handler
    startup_stm32f10x_hd.o(RESET) refers to ebox_it.o(i.NMI_Handler) for NMI_Handler
    startup_stm32f10x_hd.o(RESET) refers to ebox_it.o(i.HardFault_Handler) for HardFault_Handler
    startup_stm32f10x_hd.o(RESET) refers to ebox_it.o(i.MemManage_Handler) for MemManage_Handler
    startup_stm32f10x_hd.o(RESET) refers to ebox_it.o(i.BusFault_Handler) for BusFault_Handler
    startup_stm32f10x_hd.o(RESET) refers to ebox_it.o(i.UsageFault_Handler) for UsageFault_Handler
    startup_stm32f10x_hd.o(RESET) refers to ebox_it.o(i.DebugMon_Handler) for DebugMon_Handler
    startup_stm32f10x_hd.o(RESET) refers to mcu.o(i.SysTick_Handler) for SysTick_Handler
    startup_stm32f10x_hd.o(RESET) refers to ebox_rtc.o(i.RTC_IRQHandler) for RTC_IRQHandler
    startup_stm32f10x_hd.o(RESET) refers to ebox_exti.o(i.EXTI0_IRQHandler) for EXTI0_IRQHandler
    startup_stm32f10x_hd.o(RESET) refers to ebox_exti.o(i.EXTI1_IRQHandler) for EXTI1_IRQHandler
    startup_stm32f10x_hd.o(RESET) refers to ebox_exti.o(i.EXTI2_IRQHandler) for EXTI2_IRQHandler
    startup_stm32f10x_hd.o(RESET) refers to ebox_exti.o(i.EXTI3_IRQHandler) for EXTI3_IRQHandler
    startup_stm32f10x_hd.o(RESET) refers to ebox_exti.o(i.EXTI4_IRQHandler) for EXTI4_IRQHandler
    startup_stm32f10x_hd.o(RESET) refers to dma.o(i.DMA1_Channel1_IRQHandler) for DMA1_Channel1_IRQHandler
    startup_stm32f10x_hd.o(RESET) refers to dma.o(i.DMA1_Channel2_IRQHandler) for DMA1_Channel2_IRQHandler
    startup_stm32f10x_hd.o(RESET) refers to dma.o(i.DMA1_Channel3_IRQHandler) for DMA1_Channel3_IRQHandler
    startup_stm32f10x_hd.o(RESET) refers to dma.o(i.DMA1_Channel4_IRQHandler) for DMA1_Channel4_IRQHandler
    startup_stm32f10x_hd.o(RESET) refers to dma.o(i.DMA1_Channel5_IRQHandler) for DMA1_Channel5_IRQHandler
    startup_stm32f10x_hd.o(RESET) refers to dma.o(i.DMA1_Channel6_IRQHandler) for DMA1_Channel6_IRQHandler
    startup_stm32f10x_hd.o(RESET) refers to dma.o(i.DMA1_Channel7_IRQHandler) for DMA1_Channel7_IRQHandler
    startup_stm32f10x_hd.o(RESET) refers to ebox_can.o(i.USB_LP_CAN1_RX0_IRQHandler) for USB_LP_CAN1_RX0_IRQHandler
    startup_stm32f10x_hd.o(RESET) refers to ebox_exti.o(i.EXTI9_5_IRQHandler) for EXTI9_5_IRQHandler
    startup_stm32f10x_hd.o(RESET) refers to ebox_it.o(i.TIM1_UP_IRQHandler) for TIM1_UP_IRQHandler
    startup_stm32f10x_hd.o(RESET) refers to ebox_it.o(i.TIM2_IRQHandler) for TIM2_IRQHandler
    startup_stm32f10x_hd.o(RESET) refers to ebox_it.o(i.TIM3_IRQHandler) for TIM3_IRQHandler
    startup_stm32f10x_hd.o(RESET) refers to ebox_it.o(i.TIM4_IRQHandler) for TIM4_IRQHandler
    startup_stm32f10x_hd.o(RESET) refers to ebox_slave_spi.o(i.SPI1_IRQHandler) for SPI1_IRQHandler
    startup_stm32f10x_hd.o(RESET) refers to ebox_uart.o(i.USART1_IRQHandler) for USART1_IRQHandler
    startup_stm32f10x_hd.o(RESET) refers to ebox_uart.o(i.USART2_IRQHandler) for USART2_IRQHandler
    startup_stm32f10x_hd.o(RESET) refers to ebox_uart.o(i.USART3_IRQHandler) for USART3_IRQHandler
    startup_stm32f10x_hd.o(RESET) refers to ebox_exti.o(i.EXTI15_10_IRQHandler) for EXTI15_10_IRQHandler
    startup_stm32f10x_hd.o(RESET) refers to ebox_it.o(i.TIM5_IRQHandler) for TIM5_IRQHandler
    startup_stm32f10x_hd.o(RESET) refers to ebox_uart.o(i.UART4_IRQHandler) for UART4_IRQHandler
    startup_stm32f10x_hd.o(RESET) refers to ebox_uart.o(i.UART5_IRQHandler) for UART5_IRQHandler
    startup_stm32f10x_hd.o(RESET) refers to ebox_it.o(i.TIM6_IRQHandler) for TIM6_IRQHandler
    startup_stm32f10x_hd.o(RESET) refers to ebox_it.o(i.TIM7_IRQHandler) for TIM7_IRQHandler
    startup_stm32f10x_hd.o(.text) refers (Special) to heapauxi.o(.text) for __use_two_region_memory
    startup_stm32f10x_hd.o(.text) refers to system_stm32f10x.o(i.SystemInit) for SystemInit
    startup_stm32f10x_hd.o(.text) refers to __main.o(!!!main) for __main
    startup_stm32f10x_hd.o(.text) refers to startup_stm32f10x_hd.o(HEAP) for Heap_Mem
    startup_stm32f10x_hd.o(.text) refers to startup_stm32f10x_hd.o(STACK) for Stack_Mem
    stm32f10x_adc.o(i.ADC_DeInit) refers to stm32f10x_rcc.o(i.RCC_APB2PeriphResetCmd) for RCC_APB2PeriphResetCmd
    stm32f10x_bkp.o(i.BKP_DeInit) refers to stm32f10x_rcc.o(i.RCC_BackupResetCmd) for RCC_BackupResetCmd
    stm32f10x_can.o(i.CAN_DeInit) refers to stm32f10x_rcc.o(i.RCC_APB1PeriphResetCmd) for RCC_APB1PeriphResetCmd
[...]
    _ll_udiv                                 0x080003bd   Thumb Code   238  lludivv7m.o(.text)
    __c89vsnprintf                           0x080004ad   Thumb Code    48  c89vsnprintf.o(.text)
    _printf_pre_padding                      0x080004e1   Thumb Code    44  _printf_pad.o(.text)
    _printf_post_padding                     0x0800050d   Thumb Code    34  _printf_pad.o(.text)
    _printf_int_dec                          0x08000531   Thumb Code   104  _printf_dec.o(.text)
    __printf                                 0x080005a9   Thumb Code   388  __printf_flags_ss_wp.o(.text)
    srand                                    0x08000731   Thumb Code    42  rand.o(.text)
    _rand_init                               0x0800075b   Thumb Code     4  rand.o(.text)
    __aeabi_atexit                           0x0800076d   Thumb Code    46  aeabi_atexit.o(.text)
    strcmp                                   0x0800079d   Thumb Code   128  strcmpv7m.o(.text)
    __use_two_region_memory                  0x0800081d   Thumb Code     2  heapauxi.o(.text)
    __rt_heap_escrow                         0x0800081f   Thumb Code     2  heapauxi.o(.text)
    __rt_heap_expand                         0x08000821   Thumb Code     2  heapauxi.o(.text)
    __cpp_initialize__aeabi_                 0x08000825   Thumb Code    26  init_aeabi.o(.text)
    __rt_heap_descriptor                     0x08000849   Thumb Code     8  rt_heap_descriptor_intlibspace.o(.text)
    __rt_locale                              0x08000851   Thumb Code     8  rt_locale_intlibspace.o(.text)
    __rt_ddtor_pointer_addr                  0x08000859   Thumb Code     8  rt_ddtor_pointer_addr_intlibspace.o(.text)
    __use_no_heap                            0x08000861   Thumb Code     2  hguard.o(.text)
    __heap$guard                             0x08000863   Thumb Code     2  hguard.o(.text)
    _terminate_user_alloc                    0x08000865   Thumb Code     2  init_alloc.o(.text)
    _init_user_alloc                         0x08000867   Thumb Code     2  init_alloc.o(.text)
    __Heap_Full                              0x08000869   Thumb Code    34  init_alloc.o(.text)
    __Heap_Broken                            0x0800088b   Thumb Code     6  init_alloc.o(.text)
    _init_alloc                              0x08000891   Thumb Code    94  init_alloc.o(.text)
    __Heap_Initialize                        0x080008ef   Thumb Code    10  h1_init.o(.text)
    __Heap_DescSize                          0x080008f9   Thumb Code     4  h1_init.o(.text)
    _printf_truncate_signed                  0x080008fd   Thumb Code    18  _printf_truncate.o(.text)
    _printf_truncate_unsigned                0x0800090f   Thumb Code    18  _printf_truncate.o(.text)
    _printf_str                              0x08000921   Thumb Code    82  _printf_str.o(.text)
    _printf_int_common                       0x08000973   Thumb Code   178  _printf_intcommon.o(.text)
    _printf_charcount                        0x08000a25   Thumb Code    40  _printf_charcount.o(.text)
    __lib_sel_fp_printf                      0x08000a4d   Thumb Code     2  _printf_fp_dec.o(.text)
    _printf_fp_dec_real                      0x08000bff   Thumb Code   620  _printf_fp_dec.o(.text)
    _printf_char_common                      0x08000e77   Thumb Code    32  _printf_char_common.o(.text)
    _sputc                                   0x08000e9d   Thumb Code    10  _sputc.o(.text)
    _snputc                                  0x08000ea7   Thumb Code    16  _snputc.o(.text)
    _printf_wctomb                           0x08000eb9   Thumb Code   182  _printf_wctomb.o(.text)
    _printf_longlong_dec                     0x08000f75   Thumb Code   108  _printf_longlong_dec.o(.text)
    _printf_longlong_oct                     0x08000ff1   Thumb Code    66  _printf_oct_int_ll.o(.text)
    _printf_int_oct                          0x08001033   Thumb Code    24  _printf_oct_int_ll.o(.text)
    _printf_ll_oct                           0x0800104b   Thumb Code    12  _printf_oct_int_ll.o(.text)
    _printf_longlong_hex                     0x08001061   Thumb Code    86  _printf_hex_int_ll_ptr.o(.text)
    _printf_int_hex                          0x080010b7   Thumb Code    28  _printf_hex_int_ll_ptr.o(.text)
    _printf_ll_hex                           0x080010d3   Thumb Code    12  _printf_hex_int_ll_ptr.o(.text)
    _printf_hex_ptr                          0x080010df   Thumb Code    18  _printf_hex_int_ll_ptr.o(.text)
    __cxa_finalize                           0x080010f5   Thumb Code    66  cxa_finalize.o(.text)
    __rt_SIGPVFN                             0x08001137   Thumb Code    14  defsig_pvfn_outer.o(.text)
    __user_libspace                          0x08001145   Thumb Code     8  libspace.o(.text)
    __user_perproc_libspace                  0x08001145   Thumb Code     0  libspace.o(.text)
    __user_perthread_libspace                0x08001145   Thumb Code     0  libspace.o(.text)
    __Heap_ProvideMemory                     0x0800114d   Thumb Code    52  h1_extend.o(.text)
    _ll_udiv10                               0x08001181   Thumb Code   138  lludiv10.o(.text)
    _printf_fp_infnan                        0x0800120d   Thumb Code   112  _printf_fp_infnan.o(.text)
    _printf_cs_common                        0x0800128d   Thumb Code    20  _printf_char.o(.text)
    _printf_char                             0x080012a1   Thumb Code    16  _printf_char.o(.text)
    _printf_string                           0x080012b1   Thumb Code     8  _printf_char.o(.text)
    _printf_lcs_common                       0x080012b9   Thumb Code    20  _printf_wchar.o(.text)
    _printf_wchar                            0x080012cd   Thumb Code    16  _printf_wchar.o(.text)
    _printf_wstring                          0x080012dd   Thumb Code     8  _printf_wchar.o(.text)
    _btod_etento                             0x080012e5   Thumb Code   224  bigflt0.o(.text)
    _wcrtomb                                 0x080013c9   Thumb Code    64  _wcrtomb.o(.text)
    __sig_exit                               0x08001409   Thumb Code    10  defsig_exit.o(.text)
    __rt_SIGRTMEM                            0x08001413   Thumb Code    14  defsig_rtmem_outer.o(.text)
    __rt_SIGPVFN_inner                       0x08001421   Thumb Code    14  defsig_pvfn_inner.o(.text)
    _sys_exit                                0x08001451   Thumb Code     8  sys_exit.o(.text)
    __I$use$semihosting                      0x0800145d   Thumb Code     0  use_no_semi.o(.text)
    __use_no_semihosting_swi                 0x0800145d   Thumb Code     2  use_no_semi.o(.text)
    __semihosting_library_function           0x0800145f   Thumb Code     0  indicate_semi.o(.text)
    __user_setup_stackheap                   0x0800145f   Thumb Code    74  sys_stackheap_outer.o(.text)
    exit                                     0x080014a9   Thumb Code    18  exit.o(.text)
    __default_signal_display                 0x080014bb   Thumb Code    50  defsig_general.o(.text)
    __rt_SIGRTMEM_inner                      0x080014ed   Thumb Code    22  defsig_rtmem_inner.o(.text)
    _ttywrch                                 0x0800153d   Thumb Code    14  sys_wrch.o(.text)
    _btod_d2e                                0x0800154b   Thumb Code    62  btod.o(CL$$btod_d2e)
    _d2e_denorm_low                          0x08001589   Thumb Code    70  btod.o(CL$$btod_d2e_denorm_low)
    _d2e_norm_op1                            0x080015cf   Thumb Code    96  btod.o(CL$$btod_d2e_norm_op1)
    __btod_div_common                        0x0800162f   Thumb Code   696  btod.o(CL$$btod_div_common)
    _e2e                                     0x08001967   Thumb Code   220  btod.o(CL$$btod_e2e)
    _btod_ediv                               0x08001a43   Thumb Code    42  btod.o(CL$$btod_ediv)
    _btod_emul                               0x08001a6d   Thumb Code    42  btod.o(CL$$btod_emul)
    __btod_mult_common                       0x08001a97   Thumb Code   580  btod.o(CL$$btod_mult_common)
    ADC_Cmd                                  0x08001d17   Thumb Code    22  stm32f10x_adc.o(i.ADC_Cmd)
    ADC_DMACmd                               0x08001d2d   Thumb Code    22  stm32f10x_adc.o(i.ADC_DMACmd)
    ADC_DeInit                               0x08001d45   Thumb Code    78  stm32f10x_adc.o(i.ADC_DeInit)
    ADC_GetCalibrationStatus                 0x08001da1   Thumb Code    20  stm32f10x_adc.o(i.ADC_GetCalibrationStatus)
    ADC_GetResetCalibrationStatus            0x08001db5   Thumb Code    20  stm32f10x_adc.o(i.ADC_GetResetCalibrationStatus)
    ADC_Init                                 0x08001dc9   Thumb Code    70  stm32f10x_adc.o(i.ADC_Init)
    ADC_RegularChannelConfig                 0x08001e19   Thumb Code   184  stm32f10x_adc.o(i.ADC_RegularChannelConfig)
    ADC_ResetCalibration                     0x08001ed1   Thumb Code    10  stm32f10x_adc.o(i.ADC_ResetCalibration)
    ADC_SoftwareStartConvCmd                 0x08001edb   Thumb Code    22  stm32f10x_adc.o(i.ADC_SoftwareStartConvCmd)
    ADC_StartCalibration                     0x08001ef1   Thumb Code    10  stm32f10x_adc.o(i.ADC_StartCalibration)
    BusFault_Handler                         0x08001efb   Thumb Code     4  ebox_it.o(i.BusFault_Handler)
    CAN_FIFORelease                          0x08001eff   Thumb Code    22  stm32f10x_can.o(i.CAN_FIFORelease)
    DMA1_Channel1_IRQHandler                 0x08001f15   Thumb Code    36  dma.o(i.DMA1_Channel1_IRQHandler)
    DMA1_Channel2_IRQHandler                 0x08001f41   Thumb Code    32  dma.o(i.DMA1_Channel2_IRQHandler)
    DMA1_Channel3_IRQHandler                 0x08001f69   Thumb Code    40  dma.o(i.DMA1_Channel3_IRQHandler)
    DMA1_Channel4_IRQHandler                 0x08001f99   Thumb Code    36  dma.o(i.DMA1_Channel4_IRQHandler)
    DMA1_Channel5_IRQHandler                 0x08001fc5   Thumb Code    40  dma.o(i.DMA1_Channel5_IRQHandler)
    DMA1_Channel6_IRQHandler                 0x08001ff5   Thumb Code    36  dma.o(i.DMA1_Channel6_IRQHandler)
    DMA1_Channel7_IRQHandler                 0x08002021   Thumb Code    40  dma.o(i.DMA1_Channel7_IRQHandler)
    DMA_ClearITPendingBit                    0x08002051   Thumb Code    18  stm32f10x_dma.o(i.DMA_ClearITPendingBit)
    DMA_Cmd                                  0x0800206d   Thumb Code    24  stm32f10x_dma.o(i.DMA_Cmd)
    DMA_DeInit                               0x08002085   Thumb Code   324  stm32f10x_dma.o(i.DMA_DeInit)
    DMA_GetITStatus                          0x080021d1   Thumb Code    36  stm32f10x_dma.o(i.DMA_GetITStatus)
    DMA_ITConfig                             0x080021fd   Thumb Code    18  stm32f10x_dma.o(i.DMA_ITConfig)
    DMA_Init                                 0x0800220f   Thumb Code    60  stm32f10x_dma.o(i.DMA_Init)
    DebugMon_Handler                         0x0800224b   Thumb Code     2  ebox_it.o(i.DebugMon_Handler)
    EXTI0_IRQHandler                         0x0800224d   Thumb Code    28  ebox_exti.o(i.EXTI0_IRQHandler)
    EXTI15_10_IRQHandler                     0x08002271   Thumb Code   172  ebox_exti.o(i.EXTI15_10_IRQHandler)
    EXTI1_IRQHandler                         0x08002325   Thumb Code    28  ebox_exti.o(i.EXTI1_IRQHandler)
    EXTI2_IRQHandler                         0x08002349   Thumb Code    28  ebox_exti.o(i.EXTI2_IRQHandler)
    EXTI3_IRQHandler                         0x0800236d   Thumb Code    28  ebox_exti.o(i.EXTI3_IRQHandler)
    EXTI4_IRQHandler                         0x08002391   Thumb Code    28  ebox_exti.o(i.EXTI4_IRQHandler)
    EXTI9_5_IRQHandler                       0x080023b5   Thumb Code   132  ebox_exti.o(i.EXTI9_5_IRQHandler)
    EXTI_ClearITPendingBit                   0x08002441   Thumb Code     6  stm32f10x_exti.o(i.EXTI_ClearITPendingBit)
    EXTI_GetITStatus                         0x0800244d   Thumb Code    34  stm32f10x_exti.o(i.EXTI_GetITStatus)
    GPIO_Init                                0x08002475   Thumb Code   278  stm32f10x_gpio.o(i.GPIO_Init)
    GPIO_PinRemapConfig                      0x0800258d   Thumb Code   138  stm32f10x_gpio.o(i.GPIO_PinRemapConfig)
    HardFault_Handler                        0x0800261d   Thumb Code     4  ebox_it.o(i.HardFault_Handler)
    MemManage_Handler                        0x08002621   Thumb Code     4  ebox_it.o(i.MemManage_Handler)
    NMI_Handler                              0x08002625   Thumb Code     2  ebox_it.o(i.NMI_Handler)
    NVIC_PriorityGroupConfig                 0x08002629   Thumb Code    10  misc.o(i.NVIC_PriorityGroupConfig)
    RCC_ADCCLKConfig                         0x0800263d   Thumb Code    18  stm32f10x_rcc.o(i.RCC_ADCCLKConfig)
    RCC_AHBPeriphClockCmd                    0x08002655   Thumb Code    26  stm32f10x_rcc.o(i.RCC_AHBPeriphClockCmd)
    RCC_APB1PeriphClockCmd                   0x08002675   Thumb Code    26  stm32f10x_rcc.o(i.RCC_APB1PeriphClockCmd)
    RCC_APB2PeriphClockCmd                   0x08002695   Thumb Code    26  stm32f10x_rcc.o(i.RCC_APB2PeriphClockCmd)
    RCC_APB2PeriphResetCmd                   0x080026b5   Thumb Code    26  stm32f10x_rcc.o(i.RCC_APB2PeriphResetCmd)
    RCC_GetClocksFreq                        0x080026d5   Thumb Code   192  stm32f10x_rcc.o(i.RCC_GetClocksFreq)
    RTC_ClearITPendingBit                    0x080027a9   Thumb Code    12  stm32f10x_rtc.o(i.RTC_ClearITPendingBit)
    RTC_GetITStatus                          0x080027b9   Thumb Code    32  stm32f10x_rtc.o(i.RTC_GetITStatus)
    RTC_IRQHandler                           0x080027dd   Thumb Code    82  ebox_rtc.o(i.RTC_IRQHandler)
    SPI1_IRQHandler                          0x08002839   Thumb Code    28  ebox_slave_spi.o(i.SPI1_IRQHandler)
    SPI_I2S_GetFlagStatus                    0x08002861   Thumb Code    18  stm32f10x_spi.o(i.SPI_I2S_GetFlagStatus)
    SysTick_CLKSourceConfig                  0x0800295d   Thumb Code    40  misc.o(i.SysTick_CLKSourceConfig)
    SysTick_Handler                          0x08002985   Thumb Code    58  mcu.o(i.SysTick_Handler)
    SystemCoreClockUpdate                    0x080029cd   Thumb Code   142  system_stm32f10x.o(i.SystemCoreClockUpdate)
    SystemInit                               0x08002a71   Thumb Code    78  system_stm32f10x.o(i.SystemInit)
    TIM1_UP_IRQHandler                       0x08002ad1   Thumb Code   144  ebox_it.o(i.TIM1_UP_IRQHandler)
    TIM2_IRQHandler                          0x08002b69   Thumb Code   144  ebox_it.o(i.TIM2_IRQHandler)
    TIM3_IRQHandler                          0x08002bfd   Thumb Code   144  ebox_it.o(i.TIM3_IRQHandler)
    TIM4_IRQHandler                          0x08002c95   Thumb Code   144  ebox_it.o(i.TIM4_IRQHandler)
    TIM5_IRQHandler                          0x08002d2d   Thumb Code   134  ebox_it.o(i.TIM5_IRQHandler)
    TIM6_IRQHandler                          0x08002db9   Thumb Code    30  ebox_it.o(i.TIM6_IRQHandler)
    TIM7_IRQHandler                          0x08002ddd   Thumb Code    30  ebox_it.o(i.TIM7_IRQHandler)
    TIM_ClearITPendingBit                    0x08002e01   Thumb Code     6  stm32f10x_tim.o(i.TIM_ClearITPendingBit)
    TIM_GetITStatus                          0x08002e07   Thumb Code    34  stm32f10x_tim.o(i.TIM_GetITStatus)
    UART4_IRQHandler                         0x08002e29   Thumb Code    82  ebox_uart.o(i.UART4_IRQHandler)
    UART5_IRQHandler                         0x08002e8d   Thumb Code    82  ebox_uart.o(i.UART5_IRQHandler)
    USART1_IRQHandler                        0x08002ef1   Thumb Code    82  ebox_uart.o(i.USART1_IRQHandler)
    USART2_IRQHandler                        0x08002f55   Thumb Code    82  ebox_uart.o(i.USART2_IRQHandler)
    USART3_IRQHandler                        0x08002fb9   Thumb Code    82  ebox_uart.o(i.USART3_IRQHandler)
    USART_ClearFlag                          0x0800301d   Thumb Code    18  stm32f10x_usart.o(i.USART_ClearFlag)
    USART_ClearITPendingBit                  0x0800302f   Thumb Code    30  stm32f10x_usart.o(i.USART_ClearITPendingBit)
    USART_Cmd                                0x0800304d   Thumb Code    24  stm32f10x_usart.o(i.USART_Cmd)
    USART_DMACmd                             0x08003065   Thumb Code    18  stm32f10x_usart.o(i.USART_DMACmd)
    USART_GetFlagStatus                      0x08003077   Thumb Code    26  stm32f10x_usart.o(i.USART_GetFlagStatus)
    USART_GetITStatus                        0x08003091   Thumb Code    84  stm32f10x_usart.o(i.USART_GetITStatus)
    USART_ITConfig                           0x080030e5   Thumb Code    74  stm32f10x_usart.o(i.USART_ITConfig)
    USART_Init                               0x08003131   Thumb Code   210  stm32f10x_usart.o(i.USART_Init)
    USART_SendData                           0x08003209   Thumb Code     8  stm32f10x_usart.o(i.USART_SendData)
    USB_LP_CAN1_RX0_IRQHandler               0x08003211   Thumb Code    22  ebox_can.o(i.USB_LP_CAN1_RX0_IRQHandler)
    UsageFault_Handler                       0x08003235   Thumb Code     4  ebox_it.o(i.UsageFault_Handler)
    random_seed(unsigned)                    0x08003269   Thumb Code    12  random.o(i._Z11random_seedj)
    uart1_read_ti()                          0x08003275   Thumb Code   110  main_mystr.o(i._Z13uart1_read_tiv)
    DMA_configuration()                      0x08003375   Thumb Code    66  ebox_analog.o(i._Z17DMA_configurationv)
    ADC1_configuration()                     0x080033c5   Thumb Code   296  ebox_analog.o(i._Z18ADC1_configurationv)
    setup()                                  0x08003515   Thumb Code    48  main_mystr.o(i._Z5setupv)
    random(unsigned)                         0x08003561   Thumb Code    18  random.o(i._Z6randomj)
    ADC1_init()                              0x08003575   Thumb Code    52  ebox_analog.o(i._Z9ADC1_initv)
    Can::Can(Gpio*, Gpio*)                   0x080035b1   Thumb Code    42  ebox_can.o(i._ZN3CanC1EP4GpioS1_)
    Can::Can__sub_object(Gpio*, Gpio*)       0x080035b1   Thumb Code     0  ebox_can.o(i._ZN3CanC1EP4GpioS1_)
    Dma::rcc_enable()                        0x080035dd   Thumb Code   124  dma.o(i._ZN3Dma10rcc_enableEv)
    Dma::_irq_handler(unsigned, DmaIrqType)  0x08003665   Thumb Code    58  dma.o(i._ZN3Dma12_irq_handlerEj10DmaIrqType)
    Dma::init(DMA_InitTypeDef*)              0x0800369f   Thumb Code    16  dma.o(i._ZN3Dma4initEP15DMA_InitTypeDef)
    Dma::nvic(FunctionalState, unsigned char, unsigned char) 0x080036af   Thumb Code    48  dma.o(i._ZN3Dma4nvicE15FunctionalStatehh)
    Dma::deInit()                            0x080036df   Thumb Code    12  dma.o(i._ZN3Dma6deInitEv)
    Dma::enable()                            0x080036eb   Thumb Code    14  dma.o(i._ZN3Dma6enableEv)
    Dma::interrupt(DmaIrqType, FunctionalState) 0x080036f9   Thumb Code    54  dma.o(i._ZN3Dma9interruptE10DmaIrqType15FunctionalState)
    Dma::Dma(DMA_Channel_TypeDef*)           0x08003731   Thumb Code    54  dma.o(i._ZN3DmaC1EP19DMA_Channel_TypeDef)
    Dma::Dma__sub_object(DMA_Channel_TypeDef*) 0x08003731   Thumb Code     0  dma.o(i._ZN3DmaC1EP19DMA_Channel_TypeDef)
    Uart::_irq_handler(unsigned, IrqType)    0x08003775   Thumb Code    60  ebox_uart.o(i._ZN4Uart12_irq_handlerEj7IrqType)
    Uart::nvic(FunctionalState, unsigned char, unsigned char) 0x080037b1   Thumb Code    48  ebox_uart.o(i._ZN4Uart4nvicE15FunctionalStatehh)
    Uart::read()                             0x080037e1   Thumb Code    12  ebox_uart.o(i._ZN4Uart4readEv)
    Uart::begin(unsigned, unsigned char)     0x080037ed   Thumb Code    30  ebox_uart.o(i._ZN4Uart5beginEjh)
    Uart::begin(unsigned, unsigned char, unsigned char, float, unsigned char) 0x0800380d   Thumb Code   476  ebox_uart.o(i._ZN4Uart5beginEjhhfh)
    Uart::write(const unsigned char*, unsigned) 0x08003a11   Thumb Code   174  ebox_uart.o(i._ZN4Uart5writeEPKhj)
    Uart::write(unsigned char)               0x08003acd   Thumb Code    32  ebox_uart.o(i._ZN4Uart5writeEh)
    Uart::attach(void(*)(), IrqType)         0x08003aed   Thumb Code    30  ebox_uart.o(i._ZN4Uart6attachEPFvvE7IrqType)
    Uart::set_busy()                         0x08003b0d   Thumb Code    82  ebox_uart.o(i._ZN4Uart8set_busyEv)
    Uart::dma_write(const char*, unsigned short) 0x08003b6d   Thumb Code    76  ebox_uart.o(i._ZN4Uart9dma_writeEPKct)
    Uart::interrupt(IrqType, FunctionalState) 0x08003bb9   Thumb Code    58  ebox_uart.o(i._ZN4Uart9interruptE7IrqType15FunctionalState)
    Uart::wait_busy()                        0x08003bf5   Thumb Code   272  ebox_uart.o(i._ZN4Uart9wait_busyEv)
    Uart::Uart(USART_TypeDef*, Gpio*, Gpio*) 0x08003d25   Thumb Code    72  ebox_uart.o(i._ZN4UartC1EP13USART_TypeDefP4GpioS3_)
    Uart::Uart__sub_object(USART_TypeDef*, Gpio*, Gpio*) 0x08003d25   Thumb Code     0  ebox_uart.o(i._ZN4UartC1EP13USART_TypeDefP4GpioS3_)
    Print::write(const char*, unsigned)      0x08003d79   Thumb Code    22  print.o(i._ZN5Print5writeEPKcj)
    Print::write(const unsigned char*, unsigned) 0x08003d8f   Thumb Code    50  print.o(i._ZN5Print5writeEPKhj)
    Print::printf(const char*, ...)          0x08003dc1   Thumb Code    98  print.o(i._ZN5Print6printfEPKcz)
    Steper::Steper(TIM_TypeDef*)             0x08003e23   Thumb Code   112  ebox_3steper.o(i._ZN6SteperC1EP11TIM_TypeDef)
    Steper::Steper__sub_object(TIM_TypeDef*) 0x08003e23   Thumb Code     0  ebox_3steper.o(i._ZN6SteperC1EP11TIM_TypeDef)
    Steper::~Steper()                        0x08003e93   Thumb Code    36  ebox_3steper.o(i._ZN6SteperD1Ev)
    Steper::~Steper__sub_object()            0x08003e93   Thumb Code     0  ebox_3steper.o(i._ZN6SteperD1Ev)
    mcuI2c::mcuI2c(I2C_TypeDef*, Gpio*, Gpio*) 0x08003eb9   Thumb Code    24  ebox_i2c.o(i._ZN6mcuI2cC1EP11I2C_TypeDefP4GpioS3_)
    mcuI2c::mcuI2c__sub_object(I2C_TypeDef*, Gpio*, Gpio*) 0x08003eb9   Thumb Code     0  ebox_i2c.o(i._ZN6mcuI2cC1EP11I2C_TypeDefP4GpioS3_)
    mcuSpi::mcuSpi(SPI_TypeDef*, Gpio*, Gpio*, Gpio*) 0x08003ed9   Thumb Code    70  ebox_spi.o(i._ZN6mcuSpiC1EP11SPI_TypeDefP4GpioS3_S3_)
    mcuSpi::mcuSpi__sub_object(SPI_TypeDef*, Gpio*, Gpio*, Gpio*) 0x08003ed9   Thumb Code     0  ebox_spi.o(i._ZN6mcuSpiC1EP11SPI_TypeDefP4GpioS3_S3_)
    SoftI2c::SoftI2c(Gpio*, Gpio*)           0x08003f29   Thumb Code    16  ebox_softi2c.o(i._ZN7SoftI2cC1EP4GpioS1_)
    SoftI2c::SoftI2c__sub_object(Gpio*, Gpio*) 0x08003f29   Thumb Code     0  ebox_softi2c.o(i._ZN7SoftI2cC1EP4GpioS1_)
    SoftSpi::SoftSpi(Gpio*, Gpio*, Gpio*)    0x08003f41   Thumb Code    20  ebox_softspi.o(i._ZN7SoftSpiC1EP4GpioS1_S1_)
    SoftSpi::SoftSpi__sub_object(Gpio*, Gpio*, Gpio*) 0x08003f41   Thumb Code     0  ebox_softspi.o(i._ZN7SoftSpiC1EP4GpioS1_S1_)
    mcuGpio::mode(PIN_MODE)                  0x08003f5d   Thumb Code   308  ebox_gpio.o(i._ZN7mcuGpio4modeE8PIN_MODE)
    mcuGpio::mcuGpio(GPIO_TypeDef*, unsigned short) 0x08004091   Thumb Code    62  ebox_gpio.o(i._ZN7mcuGpioC1EP12GPIO_TypeDeft)
    mcuGpio::mcuGpio__sub_object(GPIO_TypeDef*, unsigned short) 0x08004091   Thumb Code     0  ebox_gpio.o(i._ZN7mcuGpioC1EP12GPIO_TypeDeft)
    __ARM_disable_irq                        0x080040d9   Thumb Code    12  irq.o(i.__ARM_disable_irq)
    __ARM_enable_irq                         0x080040e5   Thumb Code     4  irq.o(i.__ARM_enable_irq)
    __ARM_fpclassify                         0x080040e9   Thumb Code    40  fpclassify.o(i.__ARM_fpclassify)
    __aeabi_vec_ctor_nocookie_nodtor         0x08004111   Thumb Code    36  aeabi_vec_ctor_nocookie_nodtor.o(i.__aeabi_vec_ctor_nocookie_nodtor)
    __cxa_pure_virtual                       0x08004135   Thumb Code     6  pure_virt.o(i.__cxa_pure_virtual)
    _is_digit                                0x0800450d   Thumb Code    14  __printf_wp.o(i._is_digit)
    dma_irq_handler                          0x0800451d   Thumb Code    12  dma.o(i.dma_irq_handler)
    ebox_fifo_alloc                          0x08004531   Thumb Code    40  fifo.o(i.ebox_fifo_alloc)
    ebox_fifo_init                           0x08004559   Thumb Code    34  fifo.o(i.ebox_fifo_init)
    ebox_fifo_put                            0x0800457b   Thumb Code   116  fifo.o(i.ebox_fifo_put)
    ebox_free                                0x080045f1   Thumb Code    56  ebox_mem.o(i.ebox_free)
    ebox_heap_init                           0x08004631   Thumb Code   118  ebox_mem.o(i.ebox_heap_init)
    ebox_init                                0x080046c9   Thumb Code    56  ebox_init.o(i.ebox_init)
    ebox_malloc                              0x08004739   Thumb Code   210  ebox_mem.o(i.ebox_malloc)
    ebox_memcpy                              0x08004841   Thumb Code    26  ebox_mem.o(i.ebox_memcpy)
    ebox_printf                              0x0800485d   Thumb Code    96  ebox_printf.o(i.ebox_printf)
    ebox_printf_init                         0x080048c1   Thumb Code    16  ebox_printf.o(i.ebox_printf_init)
    main                                     0x0800493d   Thumb Code   170  main_mystr.o(i.main)
    mcu_delay_ms                             0x08004a39   Thumb Code    58  mcu.o(i.mcu_delay_ms)
    mcu_delay_us                             0x08004a73   Thumb Code    38  mcu.o(i.mcu_delay_us)
    mcu_init                                 0x08004a99   Thumb Code   162  mcu.o(i.mcu_init)
    mcu_micros                               0x08004b59   Thumb Code   124  mcu.o(i.mcu_micros)
    mcu_millis                               0x08004be1   Thumb Code     8  mcu.o(i.mcu_millis)
    nvic_dev_disable                         0x08004bed   Thumb Code    56  nvic.o(i.nvic_dev_disable)
    nvic_dev_enable                          0x08004c29   Thumb Code    56  nvic.o(i.nvic_dev_enable)
    nvic_dev_set_priority                    0x08004c61   Thumb Code    70  nvic.o(i.nvic_dev_set_priority)
    rcc_clock_cmd                            0x08004cb1   Thumb Code    82  rcc.o(i.rcc_clock_cmd)
    serial_irq_handler                       0x08004d11   Thumb Code    12  ebox_uart.o(i.serial_irq_handler)
    set_systick_user_event_per_sec           0x08004d25   Thumb Code    18  mcu.o(i.set_systick_user_event_per_sec)
    tim_irq_callback                         0x08004d41   Thumb Code    18  ebox_it.o(i.tim_irq_callback)
    _get_lc_ctype                            0x08004d5d   Thumb Code    44  lc_ctype_c.o(locale$$code)
    _get_lc_numeric                          0x08004d89   Thumb Code    44  lc_numeric_c.o(locale$$code)
    FunctionPointerArg1<void, void>::attach(void(*)()) 0x08004db5   Thumb Code     8  ebox_3steper.o(t._ZN19FunctionPointerArg1IvvE6attachEPFvvE)
    __fpl_dcmp_Inf                           0x08004dbd   Thumb Code    24  dcmpi.o(x$fpl$dcmpinf)
    __aeabi_cdcmpeq                          0x08004dd5   Thumb Code     0  deqf.o(x$fpl$deqf)
    _dcmpeq                                  0x08004dd5   Thumb Code   120  deqf.o(x$fpl$deqf)
    __fpl_dnaninf                            0x08004e4d   Thumb Code   156  dnaninf.o(x$fpl$dnaninf)
    __fpl_dretinf                            0x08004ee9   Thumb Code    12  dretinf.o(x$fpl$dretinf)
    __aeabi_f2d                              0x08004ef5   Thumb Code     0  f2d.o(x$fpl$f2d)
    _f2d                                     0x08004ef5   Thumb Code    86  f2d.o(x$fpl$f2d)
    __fpl_fcmp_Inf                           0x08004f4b   Thumb Code    24  fcmpi.o(x$fpl$fcmpinf)
    __aeabi_cfcmpeq                          0x08004f65   Thumb Code     0  feqf.o(x$fpl$feqf)
    _fcmpeq                                  0x08004f65   Thumb Code   104  feqf.o(x$fpl$feqf)
    __fpl_fnaninf                            0x08004fcd   Thumb Code   140  fnaninf.o(x$fpl$fnaninf)
    _printf_fp_dec                           0x08005059   Thumb Code     4  printf1.o(x$fpl$printf1)
    __I$use$fp                               0x0800505c   Number         0  usenofp.o(x$fpl$usenofp)
    dev_to_IRQn_table                        0x0800513c   Data         384  nvic.o(.constdata)
    vtable for I2c                           0x08005394   Data          80  ebox_i2c.o(.constdata__ZTV3I2c)
    vtable for Spi                           0x080053e4   Data          52  ebox_softspi.o(.constdata__ZTV3Spi)
    vtable for Gpio                          0x08005418   Data          40  ebox_gpio.o(.constdata__ZTV4Gpio)
    vtable for Uart                          0x08005440   Data          16  ebox_uart.o(.constdata__ZTV4Uart)
    vtable for Print                         0x08005450   Data          16  print.o(.constdata__ZTV5Print)
    vtable for mcuI2c                        0x08005460   Data          80  ebox_i2c.o(.constdata__ZTV6mcuI2c)
    vtable for mcuSpi                        0x080054b0   Data          52  ebox_spi.o(.constdata__ZTV6mcuSpi)
    vtable for SoftI2c                       0x080054e4   Data          80  ebox_softi2c.o(.constdata__ZTV7SoftI2c)
    vtable for SoftSpi                       0x08005534   Data          52  ebox_softspi.o(.constdata__ZTV7SoftSpi)
    vtable for mcuGpio                       0x08005568   Data          40  ebox_gpio.o(.constdata__ZTV7mcuGpio)
    Region$$Table$$Base                      0x080055fc   Number         0  anon$$obj.o(Region$$Table)
    Region$$Table$$Limit                     0x0800561c   Number         0  anon$$obj.o(Region$$Table)
    __ctype                                  0x08005629   Data           0  lc_ctype_c.o(locale$$data)
    SHT$$INIT_ARRAY$$Base                    0x08005748   Number         0  ebox_3steper.o(.init_array)
    SHT$$INIT_ARRAY$$Limit                   0x08005758   Number         0  init_aeabi.o(.init_array)
    uart_fifo_ptr                            0x2000002c   Data           4  ebox_printf.o(.data)
    interrupts                               0x20000030   Data           4  ebox_core.o(.data)
    no_interrupts                            0x20000034   Data           4  ebox_core.o(.data)
    ebox_reset                               0x20000038   Data           4  ebox_core.o(.data)
    micros                                   0x2000003c   Data           4  ebox_core.o(.data)
    millis                                   0x20000040   Data           4  ebox_core.o(.data)
    delay_ms                                 0x20000044   Data           4  ebox_core.o(.data)
    delay_us                                 0x20000048   Data           4  ebox_core.o(.data)
    busy                                     0x20000064   Data           5  ebox_uart.o(.data)
    t1_overflow_times                        0x20000074   Data           2  ebox_it.o(.data)
    t2_overflow_times                        0x20000076   Data           2  ebox_it.o(.data)
    t3_overflow_times                        0x20000078   Data           2  ebox_it.o(.data)
    t4_overflow_times                        0x2000007a   Data           2  ebox_it.o(.data)
    millis_seconds                           0x20000080   Data           8  mcu.o(.data)
    micro_para                               0x20000088   Data           2  mcu.o(.data)
    systick_cb_table                         0x2000008c   Data           4  mcu.o(.data)
    systick_user_event_per_sec               0x20000090   Data           2  mcu.o(.data)
    _systick_user_event_per_sec              0x20000092   Data           2  mcu.o(.data)
    SystemCoreClock                          0x20000094   Data           4  system_stm32f10x.o(.data)
    AHBPrescTable                            0x20000098   Data          16  system_stm32f10x.o(.data)
    USART_RX_STA                             0x200000a8   Data           2  main_mystr.o(.data)
    cpu                                      0x200000d0   Data          48  ebox_core.o(.bss)
    steper                                   0x20000100   Data         112  ebox_3steper.o(.bss)
    AD_value                                 0x20000170   Data          32  ebox_analog.o(.bss)
    rtc                                      0x200001d0   Data          72  ebox_rtc.o(.bss)
    Dma1Ch1                                  0x20000254   Data          76  dma.o(.bss)
    Dma1Ch2                                  0x200002a0   Data          76  dma.o(.bss)
    Dma1Ch3                                  0x200002ec   Data          76  dma.o(.bss)
    Dma1Ch4                                  0x20000338   Data          76  dma.o(.bss)
    Dma1Ch5                                  0x20000384   Data          76  dma.o(.bss)
    Dma1Ch6                                  0x200003d0   Data          76  dma.o(.bss)
    Dma1Ch7                                  0x2000041c   Data          76  dma.o(.bss)
    PA0                                      0x200004d4   Data          16  object.o(.bss)
    PA1                                      0x200004e4   Data          16  object.o(.bss)
    PA2                                      0x200004f4   Data          16  object.o(.bss)
    PA3                                      0x20000504   Data          16  object.o(.bss)
    PA4                                      0x20000514   Data          16  object.o(.bss)
    PA5                                      0x20000524   Data          16  object.o(.bss)
    PA6                                      0x20000534   Data          16  object.o(.bss)
    PA7                                      0x20000544   Data          16  object.o(.bss)
    PA8                                      0x20000554   Data          16  object.o(.bss)
    PA9                                      0x20000564   Data          16  object.o(.bss)
    PA10                                     0x20000574   Data          16  object.o(.bss)
    PA11                                     0x20000584   Data          16  object.o(.bss)
    PA12                                     0x20000594   Data          16  object.o(.bss)
    PA13                                     0x200005a4   Data          16  object.o(.bss)
    PA14                                     0x200005b4   Data          16  object.o(.bss)
    PA15                                     0x200005c4   Data          16  object.o(.bss)
    PB0                                      0x200005d4   Data          16  object.o(.bss)
    PB1                                      0x200005e4   Data          16  object.o(.bss)
    PB2                                      0x200005f4   Data          16  object.o(.bss)
    PB3                                      0x20000604   Data          16  object.o(.bss)
    PB4                                      0x20000614   Data          16  object.o(.bss)
    PB5                                      0x20000624   Data          16  object.o(.bss)
    PB6                                      0x20000634   Data          16  object.o(.bss)
    PB7                                      0x20000644   Data          16  object.o(.bss)
    PB8                                      0x20000654   Data          16  object.o(.bss)
    PB9                                      0x20000664   Data          16  object.o(.bss)
    PB10                                     0x20000674   Data          16  object.o(.bss)
    PB11                                     0x20000684   Data          16  object.o(.bss)
    PB12                                     0x20000694   Data          16  object.o(.bss)
    PB13                                     0x200006a4   Data          16  object.o(.bss)
    PB14                                     0x200006b4   Data          16  object.o(.bss)
    PB15                                     0x200006c4   Data          16  object.o(.bss)
    PC13                                     0x200006d4   Data          16  object.o(.bss)
    PC14                                     0x200006e4   Data          16  object.o(.bss)
    PC15                                     0x200006f4   Data          16  object.o(.bss)
    uart1                                    0x20000704   Data          72  object.o(.bss)
    uart2                                    0x2000074c   Data          72  object.o(.bss)
    uart3                                    0x20000794   Data          72  object.o(.bss)
    spi1                                     0x200007dc   Data          16  object.o(.bss)
    spi2                                     0x200007ec   Data          16  object.o(.bss)
    spi3                                     0x200007fc   Data          16  object.o(.bss)
    sspi1                                    0x2000080c   Data          24  object.o(.bss)
    sspi2                                    0x20000824   Data          24  object.o(.bss)
    i2c1                                     0x2000083c   Data          24  object.o(.bss)
    i2c2                                     0x20000854   Data          24  object.o(.bss)
    si2c                                     0x2000086c   Data          20  object.o(.bss)
    si2c1                                    0x20000880   Data          20  object.o(.bss)
    si2c2                                    0x20000894   Data          20  object.o(.bss)
    can1                                     0x200008a8   Data          40  object.o(.bss)
    USART_RX_BUF                             0x200008d0   Data         200  main_mystr.o(.bss)
    _random_number_data                      0x20000998   Data         228  rand.o(.bss)
    __libspace_start                         0x20000a7c   Data          96  libspace.o(.bss)
    __temporary_stack_top$libspace           0x20000adc   Data           0  libspace.o(.bss)
    Image$$RW_IRAM1$$ZI$$Limit               0x200010e0   Number         0  anon$$obj.o ABSOLUTE



==============================================================================

Memory Map of the image

  Image Entry point : 0x08000131

  Load Region LR_IROM1 (Base: 0x08000000, Size: 0x00005804, Max: 0x00080000, ABSOLUTE)

    Execution Region ER_IROM1 (Exec base: 0x08000000, Load base: 0x08000000, Size: 0x00005758, Max: 0x00080000, ABSOLUTE)

    Exec Addr    Load Addr    Size         Type   Attr      Idx    E Section Name        Object

    0x08000000   0x08000000   0x00000130   Data   RO            3    RESET               startup_stm32f10x_hd.o
    0x08000130   0x08000130   0x00000008   Code   RO         8144  * !!!main             c_w.l(__main.o)
    0x08000138   0x08000138   0x00000034   Code   RO         8864    !!!scatter          c_w.l(__scatter.o)
    0x0800016c   0x0800016c   0x0000001a   Code   RO         8866    !!handler_copy      c_w.l(__scatter_copy.o)
    0x08000186   0x08000186   0x00000002   PAD
    0x08000188   0x08000188   0x0000001c   Code   RO         8868    !!handler_zi        c_w.l(__scatter_zi.o)
    0x080001a4   0x080001a4   0x00000000   Code   RO         8108    .ARM.Collect$$_printf_percent$$00000000  c_w.l(_printf_percent.o)
    0x080001a4   0x080001a4   0x00000006   Code   RO         8452    .ARM.Collect$$_printf_percent$$00000001  c_w.l(_printf_n.o)
    0x080001aa   0x080001aa   0x00000006   Code   RO         8454    .ARM.Collect$$_printf_percent$$00000002  c_w.l(_printf_p.o)
    0x080001b0   0x080001b0   0x00000006   Code   RO         8104    .ARM.Collect$$_printf_percent$$00000003  c_w.l(_printf_f.o)
    0x080001b6   0x080001b6   0x00000006   Code   RO         8105    .ARM.Collect$$_printf_percent$$00000004  c_w.l(_printf_e.o)
    0x080001bc   0x080001bc   0x00000006   Code   RO         8106    .ARM.Collect$$_printf_percent$$00000005  c_w.l(_printf_g.o)
    0x080001c2   0x080001c2   0x00000006   Code   RO         8107    .ARM.Collect$$_printf_percent$$00000006  c_w.l(_printf_a.o)
    0x080001c8   0x080001c8   0x0000000a   Code   RO         8462    .ARM.Collect$$_printf_percent$$00000007  c_w.l(_printf_ll.o)
    0x080001d2   0x080001d2   0x00000006   Code   RO         8456    .ARM.Collect$$_printf_percent$$00000008  c_w.l(_printf_i.o)
    0x080001d8   0x080001d8   0x00000006   Code   RO         8103    .ARM.Collect$$_printf_percent$$00000009  c_w.l(_printf_d.o)
    0x080001de   0x080001de   0x00000006   Code   RO         8457    .ARM.Collect$$_printf_percent$$0000000A  c_w.l(_printf_u.o)
    0x080001e4   0x080001e4   0x00000006   Code   RO         8455    .ARM.Collect$$_printf_percent$$0000000B  c_w.l(_printf_o.o)
    0x080001ea   0x080001ea   0x00000006   Code   RO         8453    .ARM.Collect$$_printf_percent$$0000000C  c_w.l(_printf_x.o)
    0x080001f0   0x080001f0   0x00000006   Code   RO         8459    .ARM.Collect$$_printf_percent$$0000000D  c_w.l(_printf_lli.o)
    0x080001f6   0x080001f6   0x00000006   Code   RO         8460    .ARM.Collect$$_printf_percent$$0000000E  c_w.l(_printf_lld.o)
    0x080001fc   0x080001fc   0x00000006   Code   RO         8461    .ARM.Collect$$_printf_percent$$0000000F  c_w.l(_printf_llu.o)
    0x08000202   0x08000202   0x00000006   Code   RO         8466    .ARM.Collect$$_printf_percent$$00000010  c_w.l(_printf_llo.o)
    0x08000208   0x08000208   0x00000006   Code   RO         8467    .ARM.Collect$$_printf_percent$$00000011  c_w.l(_printf_llx.o)
    0x0800020e   0x0800020e   0x0000000a   Code   RO         8463    .ARM.Collect$$_printf_percent$$00000012  c_w.l(_printf_l.o)
    0x08000218   0x08000218   0x00000006   Code   RO         8450    .ARM.Collect$$_printf_percent$$00000013  c_w.l(_printf_c.o)
    0x0800021e   0x0800021e   0x00000006   Code   RO         8451    .ARM.Collect$$_printf_percent$$00000014  c_w.l(_printf_s.o)
    0x08000224   0x08000224   0x00000006   Code   RO         8464    .ARM.Collect$$_printf_percent$$00000015  c_w.l(_printf_lc.o)
    0x0800022a   0x0800022a   0x00000006   Code   RO         8465    .ARM.Collect$$_printf_percent$$00000016  c_w.l(_printf_ls.o)
    0x08000230   0x08000230   0x00000004   Code   RO         8458    .ARM.Collect$$_printf_percent$$00000017  c_w.l(_printf_percent_end.o)
    0x08000234   0x08000234   0x00000002   Code   RO         8769    .ARM.Collect$$libinit$$00000000  c_w.l(libinit.o)
    0x08000236   0x08000236   0x00000000   Code   RO         8491    .ARM.Collect$$libinit$$00000002  c_w.l(libinit2.o)
    0x08000236   0x08000236   0x00000000   Code   RO         8493    .ARM.Collect$$libinit$$00000004  c_w.l(libinit2.o)
    0x08000236   0x08000236   0x00000008   Code   RO         8494    .ARM.Collect$$libinit$$00000005  c_w.l(libinit2.o)
    0x0800023e   0x0800023e   0x00000000   Code   RO         8496    .ARM.Collect$$libinit$$0000000A  c_w.l(libinit2.o)
    0x0800023e   0x0800023e   0x00000000   Code   RO         8498    .ARM.Collect$$libinit$$0000000C  c_w.l(libinit2.o)
    0x0800023e   0x0800023e   0x00000004   Code   RO         8499    .ARM.Collect$$libinit$$0000000D  c_w.l(libinit2.o)
    0x08000242   0x08000242   0x00000000   Code   RO         8500    .ARM.Collect$$libinit$$0000000E  c_w.l(libinit2.o)
    0x08000242   0x08000242   0x00000006   Code   RO         8501    .ARM.Collect$$libinit$$0000000F  c_w.l(libinit2.o)
    0x08000248   0x08000248   0x00000000   Code   RO         8503    .ARM.Collect$$libinit$$00000011  c_w.l(libinit2.o)
    0x08000248   0x08000248   0x0000000c   Code   RO         8504    .ARM.Collect$$libinit$$00000012  c_w.l(libinit2.o)
    0x08000254   0x08000254   0x00000000   Code   RO         8505    .ARM.Collect$$libinit$$00000013  c_w.l(libinit2.o)
    0x08000254   0x08000254   0x00000000   Code   RO         8507    .ARM.Collect$$libinit$$00000015  c_w.l(libinit2.o)
    0x08000254   0x08000254   0x0000000a   Code   RO         8508    .ARM.Collect$$libinit$$00000016  c_w.l(libinit2.o)
    0x0800025e   0x0800025e   0x00000000   Code   RO         8509    .ARM.Collect$$libinit$$00000017  c_w.l(libinit2.o)
    0x0800025e   0x0800025e   0x00000000   Code   RO         8511    .ARM.Collect$$libinit$$00000019  c_w.l(libinit2.o)
    0x0800025e   0x0800025e   0x00000000   Code   RO         8513    .ARM.Collect$$libinit$$0000001B  c_w.l(libinit2.o)
    0x0800025e   0x0800025e   0x00000000   Code   RO         8515    .ARM.Collect$$libinit$$0000001D  c_w.l(libinit2.o)
    0x0800025e   0x0800025e   0x00000000   Code   RO         8517    .ARM.Collect$$libinit$$0000001F  c_w.l(libinit2.o)
    0x0800025e   0x0800025e   0x00000000   Code   RO         8519    .ARM.Collect$$libinit$$00000021  c_w.l(libinit2.o)
    0x0800025e   0x0800025e   0x00000000   Code   RO         8521    .ARM.Collect$$libinit$$00000023  c_w.l(libinit2.o)
    0x0800025e   0x0800025e   0x00000000   Code   RO         8523    .ARM.Collect$$libinit$$00000025  c_w.l(libinit2.o)
    0x0800025e   0x0800025e   0x00000000   Code   RO         8527    .ARM.Collect$$libinit$$0000002C  c_w.l(libinit2.o)
    0x0800025e   0x0800025e   0x00000000   Code   RO         8529    .ARM.Collect$$libinit$$0000002E  c_w.l(libinit2.o)
    0x0800025e   0x0800025e   0x00000000   Code   RO         8531    .ARM.Collect$$libinit$$00000030  c_w.l(libinit2.o)
    0x0800025e   0x0800025e   0x00000004   Code   RO         8532    .ARM.Collect$$libinit$$00000031  c_w.l(libinit2.o)
    0x08000262   0x08000262   0x00000000   Code   RO         8533    .ARM.Collect$$libinit$$00000032  c_w.l(libinit2.o)
    0x08000262   0x08000262   0x00000002   Code   RO         8534    .ARM.Collect$$libinit$$00000033  c_w.l(libinit2.o)
    0x08000264   0x08000264   0x00000002   Code   RO         8849    .ARM.Collect$$libshutdown$$00000000  c_w.l(libshutdown.o)
    0x08000266   0x08000266   0x00000006   Code   RO         8686    .ARM.Collect$$libshutdown$$00000001  c_w.l(libshutdown2.o)
    0x0800026c   0x0800026c   0x00000000   Code   RO         8687    .ARM.Collect$$libshutdown$$00000002  c_w.l(libshutdown2.o)
    0x0800026c   0x0800026c   0x00000000   Code   RO         8689    .ARM.Collect$$libshutdown$$00000004  c_w.l(libshutdown2.o)
    0x0800026c   0x0800026c   0x00000000   Code   RO         8692    .ARM.Collect$$libshutdown$$00000007  c_w.l(libshutdown2.o)
    0x0800026c   0x0800026c   0x00000000   Code   RO         8695    .ARM.Collect$$libshutdown$$0000000A  c_w.l(libshutdown2.o)
    0x0800026c   0x0800026c   0x00000000   Code   RO         8697    .ARM.Collect$$libshutdown$$0000000C  c_w.l(libshutdown2.o)
    0x0800026c   0x0800026c   0x00000000   Code   RO         8700    .ARM.Collect$$libshutdown$$0000000F  c_w.l(libshutdown2.o)
    0x0800026c   0x0800026c   0x00000002   Code   RO         8701    .ARM.Collect$$libshutdown$$00000010  c_w.l(libshutdown2.o)
    0x0800026e   0x0800026e   0x00000000   Code   RO         8352    .ARM.Collect$$rtentry$$00000000  c_w.l(__rtentry.o)
    0x0800026e   0x0800026e   0x00000000   Code   RO         8601    .ARM.Collect$$rtentry$$00000002  c_w.l(__rtentry2.o)
    0x0800026e   0x0800026e   0x00000006   Code   RO         8613    .ARM.Collect$$rtentry$$00000004  c_w.l(__rtentry4.o)
    0x08000274   0x08000274   0x00000000   Code   RO         8603    .ARM.Collect$$rtentry$$00000009  c_w.l(__rtentry2.o)
    0x08000274   0x08000274   0x00000004   Code   RO         8604    .ARM.Collect$$rtentry$$0000000A  c_w.l(__rtentry2.o)
    0x08000278   0x08000278   0x00000000   Code   RO         8606    .ARM.Collect$$rtentry$$0000000C  c_w.l(__rtentry2.o)
    0x08000278   0x08000278   0x00000008   Code   RO         8607    .ARM.Collect$$rtentry$$0000000D  c_w.l(__rtentry2.o)
    0x08000280   0x08000280   0x00000002   Code   RO         8784    .ARM.Collect$$rtexit$$00000000  c_w.l(rtexit.o)
    0x08000282   0x08000282   0x00000000   Code   RO         8819    .ARM.Collect$$rtexit$$00000002  c_w.l(rtexit2.o)
    0x08000282   0x08000282   0x00000004   Code   RO         8820    .ARM.Collect$$rtexit$$00000003  c_w.l(rtexit2.o)
    0x08000286   0x08000286   0x00000006   Code   RO         8821    .ARM.Collect$$rtexit$$00000004  c_w.l(rtexit2.o)
    0x0800028c   0x0800028c   0x00000034   Code   RO         8111    .emb_text           c_w.l(rand.o)
    0x080002c0   0x080002c0   0x00000000   Code   RO         8621    .emb_text           c_w.l(maybetermalloc1.o)
    0x080002c0   0x080002c0   0x00000040   Code   RO            4    .text               startup_stm32f10x_hd.o
    0x08000300   0x08000300   0x00000010   Code   RO         7995    .text               c_w.l(rt_ctype_table.o)
    0x08000310   0x08000310   0x0000005e   Code   RO         8003    .text               c_w.l(h1_alloc.o)
    0x0800036e   0x0800036e   0x0000004e   Code   RO         8005    .text               c_w.l(h1_free.o)
    0x080003bc   0x080003bc   0x000000ee   Code   RO         8065    .text               c_w.l(lludivv7m.o)
    0x080004aa   0x080004aa   0x00000002   PAD
    0x080004ac   0x080004ac   0x00000034   Code   RO         8071    .text               c_w.l(c89vsnprintf.o)
    0x080004e0   0x080004e0   0x0000004e   Code   RO         8079    .text               c_w.l(_printf_pad.o)
    0x0800052e   0x0800052e   0x00000002   PAD
    0x08000530   0x08000530   0x00000078   Code   RO         8081    .text               c_w.l(_printf_dec.o)
    0x080005a8   0x080005a8   0x00000188   Code   RO         8100    .text               c_w.l(__printf_flags_ss_wp.o)
    0x08000730   0x08000730   0x0000003c   Code   RO         8112    .text               c_w.l(rand.o)
    0x0800076c   0x0800076c   0x0000002e   Code   RO         8119    .text               c_w.l(aeabi_atexit.o)
    0x0800079a   0x0800079a   0x00000002   PAD
    0x0800079c   0x0800079c   0x00000080   Code   RO         8140    .text               c_w.l(strcmpv7m.o)
    0x0800081c   0x0800081c   0x00000006   Code   RO         8142    .text               c_w.l(heapauxi.o)
    0x08000822   0x08000822   0x00000002   PAD
    0x08000824   0x08000824   0x00000024   Code   RO         8149    .text               c_w.l(init_aeabi.o)
    0x08000848   0x08000848   0x00000008   Code   RO         8360    .text               c_w.l(rt_heap_descriptor_intlibspace.o)
    0x08000850   0x08000850   0x00000008   Code   RO         8365    .text               c_w.l(rt_locale_intlibspace.o)
    0x08000858   0x08000858   0x00000008   Code   RO         8370    .text               c_w.l(rt_ddtor_pointer_addr_intlibspace.o)
    0x08000860   0x08000860   0x00000004   Code   RO         8377    .text               c_w.l(hguard.o)
    0x08000864   0x08000864   0x0000008a   Code   RO         8379    .text               c_w.l(init_alloc.o)
    0x080008ee   0x080008ee   0x0000000e   Code   RO         8383    .text               c_w.l(h1_init.o)
    0x080008fc   0x080008fc   0x00000024   Code   RO         8399    .text               c_w.l(_printf_truncate.o)
    0x08000920   0x08000920   0x00000052   Code   RO         8401    .text               c_w.l(_printf_str.o)
    0x08000972   0x08000972   0x000000b2   Code   RO         8403    .text               c_w.l(_printf_intcommon.o)
    0x08000a24   0x08000a24   0x00000028   Code   RO         8405    .text               c_w.l(_printf_charcount.o)
    0x08000a4c   0x08000a4c   0x0000041e   Code   RO         8407    .text               c_w.l(_printf_fp_dec.o)
    0x08000e6a   0x08000e6a   0x00000002   PAD
    0x08000e6c   0x08000e6c   0x00000030   Code   RO         8412    .text               c_w.l(_printf_char_common.o)
    0x08000e9c   0x08000e9c   0x0000000a   Code   RO         8414    .text               c_w.l(_sputc.o)
    0x08000ea6   0x08000ea6   0x00000010   Code   RO         8416    .text               c_w.l(_snputc.o)
    0x08000eb6   0x08000eb6   0x00000002   PAD
    0x08000eb8   0x08000eb8   0x000000bc   Code   RO         8418    .text               c_w.l(_printf_wctomb.o)
    0x08000f74   0x08000f74   0x0000007c   Code   RO         8421    .text               c_w.l(_printf_longlong_dec.o)
    0x08000ff0   0x08000ff0   0x00000070   Code   RO         8427    .text               c_w.l(_printf_oct_int_ll.o)
    0x08001060   0x08001060   0x00000094   Code   RO         8447    .text               c_w.l(_printf_hex_int_ll_ptr.o)
    0x080010f4   0x080010f4   0x00000042   Code   RO         8475    .text               c_w.l(cxa_finalize.o)
    0x08001136   0x08001136   0x0000000e   Code   RO         8478    .text               c_w.l(defsig_pvfn_outer.o)
    0x08001144   0x08001144   0x00000008   Code   RO         8597    .text               c_w.l(libspace.o)
    0x0800114c   0x0800114c   0x00000034   Code   RO         8623    .text               c_w.l(h1_extend.o)
    0x08001180   0x08001180   0x0000008a   Code   RO         8627    .text               c_w.l(lludiv10.o)
    0x0800120a   0x0800120a   0x00000002   PAD
    0x0800120c   0x0800120c   0x00000080   Code   RO         8629    .text               c_w.l(_printf_fp_infnan.o)
    0x0800128c   0x0800128c   0x0000002c   Code   RO         8633    .text               c_w.l(_printf_char.o)
    0x080012b8   0x080012b8   0x0000002c   Code   RO         8635    .text               c_w.l(_printf_wchar.o)
    0x080012e4   0x080012e4   0x000000e4   Code   RO         8641    .text               c_w.l(bigflt0.o)
    0x080013c8   0x080013c8   0x00000040   Code   RO         8666    .text               c_w.l(_wcrtomb.o)
    0x08001408   0x08001408   0x0000000a   Code   RO         8671    .text               c_w.l(defsig_exit.o)
    0x08001412   0x08001412   0x0000000e   Code   RO         8673    .text               c_w.l(defsig_rtmem_outer.o)
    0x08001420   0x08001420   0x00000030   Code   RO         8677    .text               c_w.l(defsig_pvfn_inner.o)
    0x08001450   0x08001450   0x0000000c   Code   RO         8728    .text               c_w.l(sys_exit.o)
    0x0800145c   0x0800145c   0x00000002   Code   RO         8730    .text               c_w.l(use_no_semi.o)
    0x0800145e   0x0800145e   0x00000000   Code   RO         8732    .text               c_w.l(indicate_semi.o)
    0x0800145e   0x0800145e   0x0000004a   Code   RO         8733    .text               c_w.l(sys_stackheap_outer.o)
    0x080014a8   0x080014a8   0x00000012   Code   RO         8746    .text               c_w.l(exit.o)
    0x080014ba   0x080014ba   0x00000032   Code   RO         8752    .text               c_w.l(defsig_general.o)
    0x080014ec   0x080014ec   0x00000050   Code   RO         8758    .text               c_w.l(defsig_rtmem_inner.o)
    0x0800153c   0x0800153c   0x0000000e   Code   RO         8782    .text               c_w.l(sys_wrch.o)
    0x0800154a   0x0800154a   0x0000003e   Code   RO         8644    CL$$btod_d2e        c_w.l(btod.o)
    0x08001588   0x08001588   0x00000046   Code   RO         8646    CL$$btod_d2e_denorm_low  c_w.l(btod.o)
    0x080015ce   0x080015ce   0x00000060   Code   RO         8645    CL$$btod_d2e_norm_op1  c_w.l(btod.o)
    0x0800162e   0x0800162e   0x00000338   Code   RO         8654    CL$$btod_div_common  c_w.l(btod.o)
    0x08001966   0x08001966   0x000000dc   Code   RO         8651    CL$$btod_e2e        c_w.l(btod.o)
    0x08001a42   0x08001a42   0x0000002a   Code   RO         8648    CL$$btod_ediv       c_w.l(btod.o)
    0x08001a6c   0x08001a6c   0x0000002a   Code   RO         8647    CL$$btod_emul       c_w.l(btod.o)
    0x08001a96   0x08001a96   0x00000244   Code   RO         8653    CL$$btod_mult_common  c_w.l(btod.o)
    0x08001cda   0x08001cda   0x00000014   Code   RO         6138    i.<Func3>           ebox_rtc.o
    0x08001cee   0x08001cee   0x00000014   Code   RO         7081    i.<Func3>           ebox_uart.o
    0x08001d02   0x08001d02   0x00000014   Code   RO         7270    i.<Func3>           dma.o
    0x08001d16   0x08001d16   0x00000016   Code   RO          160    i.ADC_Cmd           stm32f10x_adc.o
    0x08001d2c   0x08001d2c   0x00000016   Code   RO          161    i.ADC_DMACmd        stm32f10x_adc.o
    0x08001d42   0x08001d42   0x00000002   PAD
    0x08001d44   0x08001d44   0x0000005c   Code   RO          162    i.ADC_DeInit        stm32f10x_adc.o
    0x08001da0   0x08001da0   0x00000014   Code   RO          168    i.ADC_GetCalibrationStatus  stm32f10x_adc.o
    0x08001db4   0x08001db4   0x00000014   Code   RO          174    i.ADC_GetResetCalibrationStatus  stm32f10x_adc.o
    0x08001dc8   0x08001dc8   0x00000050   Code   RO          178    i.ADC_Init          stm32f10x_adc.o
    0x08001e18   0x08001e18   0x000000b8   Code   RO          182    i.ADC_RegularChannelConfig  stm32f10x_adc.o
    0x08001ed0   0x08001ed0   0x0000000a   Code   RO          183    i.ADC_ResetCalibration  stm32f10x_adc.o
    0x08001eda   0x08001eda   0x00000016   Code   RO          185    i.ADC_SoftwareStartConvCmd  stm32f10x_adc.o
    0x08001ef0   0x08001ef0   0x0000000a   Code   RO          187    i.ADC_StartCalibration  stm32f10x_adc.o
    0x08001efa   0x08001efa   0x00000004   Code   RO         7448    i.BusFault_Handler  ebox_it.o
    0x08001efe   0x08001efe   0x00000016   Code   RO          467    i.CAN_FIFORelease   stm32f10x_can.o
    0x08001f14   0x08001f14   0x0000002c   Code   RO         7271    i.DMA1_Channel1_IRQHandler  dma.o
    0x08001f40   0x08001f40   0x00000028   Code   RO         7272    i.DMA1_Channel2_IRQHandler  dma.o
    0x08001f68   0x08001f68   0x00000030   Code   RO         7273    i.DMA1_Channel3_IRQHandler  dma.o
    0x08001f98   0x08001f98   0x0000002c   Code   RO         7274    i.DMA1_Channel4_IRQHandler  dma.o
    0x08001fc4   0x08001fc4   0x00000030   Code   RO         7275    i.DMA1_Channel5_IRQHandler  dma.o
    0x08001ff4   0x08001ff4   0x0000002c   Code   RO         7276    i.DMA1_Channel6_IRQHandler  dma.o
    0x08002020   0x08002020   0x00000030   Code   RO         7277    i.DMA1_Channel7_IRQHandler  dma.o
    0x08002050   0x08002050   0x0000001c   Code   RO          872    i.DMA_ClearITPendingBit  stm32f10x_dma.o
    0x0800206c   0x0800206c   0x00000018   Code   RO          873    i.DMA_Cmd           stm32f10x_dma.o
    0x08002084   0x08002084   0x0000014c   Code   RO          874    i.DMA_DeInit        stm32f10x_dma.o
    0x080021d0   0x080021d0   0x0000002c   Code   RO          877    i.DMA_GetITStatus   stm32f10x_dma.o
    0x080021fc   0x080021fc   0x00000012   Code   RO          878    i.DMA_ITConfig      stm32f10x_dma.o
    0x0800220e   0x0800220e   0x0000003c   Code   RO          879    i.DMA_Init          stm32f10x_dma.o
    0x0800224a   0x0800224a   0x00000002   Code   RO         7449    i.DebugMon_Handler  ebox_it.o
    0x0800224c   0x0800224c   0x00000024   Code   RO         5490    i.EXTI0_IRQHandler  ebox_exti.o
    0x08002270   0x08002270   0x000000b4   Code   RO         5491    i.EXTI15_10_IRQHandler  ebox_exti.o
    0x08002324   0x08002324   0x00000024   Code   RO         5492    i.EXTI1_IRQHandler  ebox_exti.o
    0x08002348   0x08002348   0x00000024   Code   RO         5493    i.EXTI2_IRQHandler  ebox_exti.o
    0x0800236c   0x0800236c   0x00000024   Code   RO         5494    i.EXTI3_IRQHandler  ebox_exti.o
    0x08002390   0x08002390   0x00000024   Code   RO         5495    i.EXTI4_IRQHandler  ebox_exti.o
    0x080023b4   0x080023b4   0x0000008c   Code   RO         5496    i.EXTI9_5_IRQHandler  ebox_exti.o
    0x08002440   0x08002440   0x0000000c   Code   RO          948    i.EXTI_ClearITPendingBit  stm32f10x_exti.o
    0x0800244c   0x0800244c   0x00000028   Code   RO          952    i.EXTI_GetITStatus  stm32f10x_exti.o
    0x08002474   0x08002474   0x00000116   Code   RO         1313    i.GPIO_Init         stm32f10x_gpio.o
    0x0800258a   0x0800258a   0x00000002   PAD
    0x0800258c   0x0800258c   0x00000090   Code   RO         1315    i.GPIO_PinRemapConfig  stm32f10x_gpio.o
    0x0800261c   0x0800261c   0x00000004   Code   RO         7450    i.HardFault_Handler  ebox_it.o
    0x08002620   0x08002620   0x00000004   Code   RO         7451    i.MemManage_Handler  ebox_it.o
    0x08002624   0x08002624   0x00000002   Code   RO         7452    i.NMI_Handler       ebox_it.o
    0x08002626   0x08002626   0x00000002   PAD
    0x08002628   0x08002628   0x00000014   Code   RO           26    i.NVIC_PriorityGroupConfig  misc.o
    0x0800263c   0x0800263c   0x00000018   Code   RO         1743    i.RCC_ADCCLKConfig  stm32f10x_rcc.o
    0x08002654   0x08002654   0x00000020   Code   RO         1744    i.RCC_AHBPeriphClockCmd  stm32f10x_rcc.o
    0x08002674   0x08002674   0x00000020   Code   RO         1745    i.RCC_APB1PeriphClockCmd  stm32f10x_rcc.o
    0x08002694   0x08002694   0x00000020   Code   RO         1747    i.RCC_APB2PeriphClockCmd  stm32f10x_rcc.o
    0x080026b4   0x080026b4   0x00000020   Code   RO         1748    i.RCC_APB2PeriphResetCmd  stm32f10x_rcc.o
    0x080026d4   0x080026d4   0x000000d4   Code   RO         1755    i.RCC_GetClocksFreq  stm32f10x_rcc.o
    0x080027a8   0x080027a8   0x00000010   Code   RO         1948    i.RTC_ClearITPendingBit  stm32f10x_rtc.o
    0x080027b8   0x080027b8   0x00000024   Code   RO         1954    i.RTC_GetITStatus   stm32f10x_rtc.o
    0x080027dc   0x080027dc   0x0000005c   Code   RO         6139    i.RTC_IRQHandler    ebox_rtc.o
    0x08002838   0x08002838   0x00000028   Code   RO         6273    i.SPI1_IRQHandler   ebox_slave_spi.o
    0x08002860   0x08002860   0x00000012   Code   RO         2244    i.SPI_I2S_GetFlagStatus  stm32f10x_spi.o
    0x08002872   0x08002872   0x00000008   Code   RO         7830    i.SetSysClock       system_stm32f10x.o
    0x0800287a   0x0800287a   0x00000002   PAD
    0x0800287c   0x0800287c   0x000000e0   Code   RO         7831    i.SetSysClockTo72   system_stm32f10x.o
    0x0800295c   0x0800295c   0x00000028   Code   RO           29    i.SysTick_CLKSourceConfig  misc.o
    0x08002984   0x08002984   0x00000048   Code   RO         7570    i.SysTick_Handler   mcu.o
    0x080029cc   0x080029cc   0x000000a4   Code   RO         7832    i.SystemCoreClockUpdate  system_stm32f10x.o
    0x08002a70   0x08002a70   0x00000060   Code   RO         7833    i.SystemInit        system_stm32f10x.o
    0x08002ad0   0x08002ad0   0x00000098   Code   RO         7453    i.TIM1_UP_IRQHandler  ebox_it.o
    0x08002b68   0x08002b68   0x00000094   Code   RO         7454    i.TIM2_IRQHandler   ebox_it.o
    0x08002bfc   0x08002bfc   0x00000098   Code   RO         7455    i.TIM3_IRQHandler   ebox_it.o
    0x08002c94   0x08002c94   0x00000098   Code   RO         7456    i.TIM4_IRQHandler   ebox_it.o
    0x08002d2c   0x08002d2c   0x0000008c   Code   RO         7457    i.TIM5_IRQHandler   ebox_it.o
    0x08002db8   0x08002db8   0x00000024   Code   RO         7458    i.TIM6_IRQHandler   ebox_it.o
    0x08002ddc   0x08002ddc   0x00000024   Code   RO         7459    i.TIM7_IRQHandler   ebox_it.o
    0x08002e00   0x08002e00   0x00000006   Code   RO         2390    i.TIM_ClearITPendingBit  stm32f10x_tim.o
    0x08002e06   0x08002e06   0x00000022   Code   RO         2416    i.TIM_GetITStatus   stm32f10x_tim.o
    0x08002e28   0x08002e28   0x00000064   Code   RO         7082    i.UART4_IRQHandler  ebox_uart.o
    0x08002e8c   0x08002e8c   0x00000064   Code   RO         7083    i.UART5_IRQHandler  ebox_uart.o
    0x08002ef0   0x08002ef0   0x00000064   Code   RO         7084    i.USART1_IRQHandler  ebox_uart.o
    0x08002f54   0x08002f54   0x00000064   Code   RO         7085    i.USART2_IRQHandler  ebox_uart.o
    0x08002fb8   0x08002fb8   0x00000064   Code   RO         7086    i.USART3_IRQHandler  ebox_uart.o
    0x0800301c   0x0800301c   0x00000012   Code   RO         2931    i.USART_ClearFlag   stm32f10x_usart.o
    0x0800302e   0x0800302e   0x0000001e   Code   RO         2932    i.USART_ClearITPendingBit  stm32f10x_usart.o
    0x0800304c   0x0800304c   0x00000018   Code   RO         2935    i.USART_Cmd         stm32f10x_usart.o
    0x08003064   0x08003064   0x00000012   Code   RO         2936    i.USART_DMACmd      stm32f10x_usart.o
    0x08003076   0x08003076   0x0000001a   Code   RO         2938    i.USART_GetFlagStatus  stm32f10x_usart.o
    0x08003090   0x08003090   0x00000054   Code   RO         2939    i.USART_GetITStatus  stm32f10x_usart.o
    0x080030e4   0x080030e4   0x0000004a   Code   RO         2941    i.USART_ITConfig    stm32f10x_usart.o
    0x0800312e   0x0800312e   0x00000002   PAD
    0x08003130   0x08003130   0x000000d8   Code   RO         2942    i.USART_Init        stm32f10x_usart.o
    0x08003208   0x08003208   0x00000008   Code   RO         2952    i.USART_SendData    stm32f10x_usart.o
    0x08003210   0x08003210   0x00000024   Code   RO         5290    i.USB_LP_CAN1_RX0_IRQHandler  ebox_can.o
    0x08003234   0x08003234   0x00000004   Code   RO         7460    i.UsageFault_Handler  ebox_it.o
    0x08003238   0x08003238   0x00000030   Code   RO         7887    i._Z11dev_to_irqnjh  nvic.o
    0x08003268   0x08003268   0x0000000c   Code   RO         3954    i._Z11random_seedj  random.o
    0x08003274   0x08003274   0x0000007c   Code   RO         7958    i._Z13uart1_read_tiv  main_mystr.o
    0x080032f0   0x080032f0   0x00000084   Code   RO         7571    i._Z16update_chip_infov  mcu.o
    0x08003374   0x08003374   0x00000050   Code   RO         5235    i._Z17DMA_configurationv  ebox_analog.o
    0x080033c4   0x080033c4   0x0000012c   Code   RO         5236    i._Z18ADC1_configurationv  ebox_analog.o
    0x080034f0   0x080034f0   0x00000024   Code   RO         7572    i._Z19update_system_clockP10CpuClock_t  mcu.o
    0x08003514   0x08003514   0x0000004c   Code   RO         7959    i._Z5setupv         main_mystr.o
    0x08003560   0x08003560   0x00000012   Code   RO         3955    i._Z6randomj        random.o
    0x08003572   0x08003572   0x00000002   PAD
    0x08003574   0x08003574   0x0000003c   Code   RO         5238    i._Z9ADC1_initv     ebox_analog.o
    0x080035b0   0x080035b0   0x0000002a   Code   RO         5301    i._ZN3CanC1EP4GpioS1_  ebox_can.o
    0x080035da   0x080035da   0x00000002   PAD
    0x080035dc   0x080035dc   0x00000088   Code   RO         7279    i._ZN3Dma10rcc_enableEv  dma.o
    0x08003664   0x08003664   0x0000003a   Code   RO         7281    i._ZN3Dma12_irq_handlerEj10DmaIrqType  dma.o
    0x0800369e   0x0800369e   0x00000010   Code   RO         7282    i._ZN3Dma4initEP15DMA_InitTypeDef  dma.o
    0x080036ae   0x080036ae   0x00000030   Code   RO         7283    i._ZN3Dma4nvicE15FunctionalStatehh  dma.o
    0x080036de   0x080036de   0x0000000c   Code   RO         7285    i._ZN3Dma6deInitEv  dma.o
    0x080036ea   0x080036ea   0x0000000e   Code   RO         7286    i._ZN3Dma6enableEv  dma.o
    0x080036f8   0x080036f8   0x00000036   Code   RO         7288    i._ZN3Dma9interruptE10DmaIrqType15FunctionalState  dma.o
    0x0800372e   0x0800372e   0x00000002   PAD
    0x08003730   0x08003730   0x00000044   Code   RO         7289    i._ZN3DmaC1EP19DMA_Channel_TypeDef  dma.o
    0x08003774   0x08003774   0x0000003c   Code   RO         7087    i._ZN4Uart12_irq_handlerEj7IrqType  ebox_uart.o
    0x080037b0   0x080037b0   0x00000030   Code   RO         7088    i._ZN4Uart4nvicE15FunctionalStatehh  ebox_uart.o
    0x080037e0   0x080037e0   0x0000000c   Code   RO         7089    i._ZN4Uart4readEv   ebox_uart.o
    0x080037ec   0x080037ec   0x0000001e   Code   RO         7090    i._ZN4Uart5beginEjh  ebox_uart.o
    0x0800380a   0x0800380a   0x00000002   PAD
    0x0800380c   0x0800380c   0x00000204   Code   RO         7091    i._ZN4Uart5beginEjhhfh  ebox_uart.o
    0x08003a10   0x08003a10   0x000000bc   Code   RO         7092    i._ZN4Uart5writeEPKhj  ebox_uart.o
    0x08003acc   0x08003acc   0x00000020   Code   RO         7093    i._ZN4Uart5writeEh  ebox_uart.o
    0x08003aec   0x08003aec   0x0000001e   Code   RO         7094    i._ZN4Uart6attachEPFvvE7IrqType  ebox_uart.o
    0x08003b0a   0x08003b0a   0x00000002   PAD
    0x08003b0c   0x08003b0c   0x00000060   Code   RO         7095    i._ZN4Uart8set_busyEv  ebox_uart.o
    0x08003b6c   0x08003b6c   0x0000004c   Code   RO         7096    i._ZN4Uart9dma_writeEPKct  ebox_uart.o
    0x08003bb8   0x08003bb8   0x0000003a   Code   RO         7097    i._ZN4Uart9interruptE7IrqType15FunctionalState  ebox_uart.o
    0x08003bf2   0x08003bf2   0x00000002   PAD
    0x08003bf4   0x08003bf4   0x00000130   Code   RO         7098    i._ZN4Uart9wait_busyEv  ebox_uart.o
    0x08003d24   0x08003d24   0x00000054   Code   RO         7099    i._ZN4UartC1EP13USART_TypeDefP4GpioS3_  ebox_uart.o
    0x08003d78   0x08003d78   0x00000016   Code   RO         3899    i._ZN5Print5writeEPKcj  print.o
    0x08003d8e   0x08003d8e   0x00000032   Code   RO         3744    i._ZN5Print5writeEPKhj  print.o
    0x08003dc0   0x08003dc0   0x00000062   Code   RO         3745    i._ZN5Print6printfEPKcz  print.o
    0x08003e22   0x08003e22   0x00000070   Code   RO         5125    i._ZN6SteperC1EP11TIM_TypeDef  ebox_3steper.o
    0x08003e92   0x08003e92   0x00000024   Code   RO         5143    i._ZN6SteperD1Ev    ebox_3steper.o
    0x08003eb6   0x08003eb6   0x00000002   PAD
    0x08003eb8   0x08003eb8   0x00000020   Code   RO         5717    i._ZN6mcuI2cC1EP11I2C_TypeDefP4GpioS3_  ebox_i2c.o
    0x08003ed8   0x08003ed8   0x00000050   Code   RO         6757    i._ZN6mcuSpiC1EP11SPI_TypeDefP4GpioS3_S3_  ebox_spi.o
    0x08003f28   0x08003f28   0x00000018   Code   RO         6485    i._ZN7SoftI2cC1EP4GpioS1_  ebox_softi2c.o
    0x08003f40   0x08003f40   0x0000001c   Code   RO         6628    i._ZN7SoftSpiC1EP4GpioS1_S1_  ebox_softspi.o
    0x08003f5c   0x08003f5c   0x00000134   Code   RO         5600    i._ZN7mcuGpio4modeE8PIN_MODE  ebox_gpio.o
    0x08004090   0x08004090   0x00000048   Code   RO         5606    i._ZN7mcuGpioC1EP12GPIO_TypeDeft  ebox_gpio.o
    0x080040d8   0x080040d8   0x0000000c   Code   RO         8329    i.__ARM_disable_irq  h_w.l(irq.o)
    0x080040e4   0x080040e4   0x00000004   Code   RO         8331    i.__ARM_enable_irq  h_w.l(irq.o)
    0x080040e8   0x080040e8   0x00000028   Code   RO         8582    i.__ARM_fpclassify  m_ws.l(fpclassify.o)
    0x08004110   0x08004110   0x00000024   Code   RO         8261    i.__aeabi_vec_ctor_nocookie_nodtor  cpprt_w.l(aeabi_vec_ctor_nocookie_nodtor.o)
    0x08004134   0x08004134   0x00000006   Code   RO         8152    i.__cxa_pure_virtual  cpprt_w.l(pure_virt.o)
    0x0800413a   0x0800413a   0x00000002   PAD
    0x0800413c   0x0800413c   0x00000324   Code   RO         7679    i.__sti___10_object_cpp_PA0  object.o
    0x08004460   0x08004460   0x0000001c   Code   RO         6156    i.__sti___12_ebox_rtc_cpp_rtc  ebox_rtc.o
    0x0800447c   0x0800447c   0x00000028   Code   RO         5035    i.__sti___16_ebox_3steper_cpp_899f80ac  ebox_3steper.o
    0x080044a4   0x080044a4   0x00000068   Code   RO         7290    i.__sti___7_dma_cpp_1a469fa6  dma.o
    0x0800450c   0x0800450c   0x0000000e   Code   RO         8093    i._is_digit         c_w.l(__printf_wp.o)
    0x0800451a   0x0800451a   0x00000002   PAD
    0x0800451c   0x0800451c   0x00000014   Code   RO         7291    i.dma_irq_handler   dma.o
    0x08004530   0x08004530   0x00000028   Code   RO         3388    i.ebox_fifo_alloc   fifo.o
    0x08004558   0x08004558   0x00000022   Code   RO         3391    i.ebox_fifo_init    fifo.o
    0x0800457a   0x0800457a   0x00000074   Code   RO         3392    i.ebox_fifo_put     fifo.o
    0x080045ee   0x080045ee   0x00000002   PAD
    0x080045f0   0x080045f0   0x00000040   Code   RO         3256    i.ebox_free         ebox_mem.o
    0x08004630   0x08004630   0x00000098   Code   RO         3261    i.ebox_heap_init    ebox_mem.o
    0x080046c8   0x080046c8   0x00000070   Code   RO         4751    i.ebox_init         ebox_init.o
    0x08004738   0x08004738   0x00000108   Code   RO         3262    i.ebox_malloc       ebox_mem.o
    0x08004840   0x08004840   0x0000001a   Code   RO         3265    i.ebox_memcpy       ebox_mem.o
    0x0800485a   0x0800485a   0x00000002   PAD
    0x0800485c   0x0800485c   0x00000064   Code   RO         3354    i.ebox_printf       ebox_printf.o
    0x080048c0   0x080048c0   0x00000014   Code   RO         3355    i.ebox_printf_init  ebox_printf.o
    0x080048d4   0x080048d4   0x00000068   Code   RO         3266    i.insert_block_into_freeList  ebox_mem.o
    0x0800493c   0x0800493c   0x000000fc   Code   RO         7960    i.main              main_mystr.o
    0x08004a38   0x08004a38   0x0000003a   Code   RO         7575    i.mcu_delay_ms      mcu.o
    0x08004a72   0x08004a72   0x00000026   Code   RO         7576    i.mcu_delay_us      mcu.o
    0x08004a98   0x08004a98   0x000000c0   Code   RO         7577    i.mcu_init          mcu.o
    0x08004b58   0x08004b58   0x00000088   Code   RO         7578    i.mcu_micros        mcu.o
    0x08004be0   0x08004be0   0x0000000c   Code   RO         7579    i.mcu_millis        mcu.o
    0x08004bec   0x08004bec   0x0000003c   Code   RO         7888    i.nvic_dev_disable  nvic.o
    0x08004c28   0x08004c28   0x00000038   Code   RO         7889    i.nvic_dev_enable   nvic.o
    0x08004c60   0x08004c60   0x00000050   Code   RO         7890    i.nvic_dev_set_priority  nvic.o
    0x08004cb0   0x08004cb0   0x00000060   Code   RO         7749    i.rcc_clock_cmd     rcc.o
    0x08004d10   0x08004d10   0x00000014   Code   RO         7100    i.serial_irq_handler  ebox_uart.o
    0x08004d24   0x08004d24   0x0000001c   Code   RO         7581    i.set_systick_user_event_per_sec  mcu.o
    0x08004d40   0x08004d40   0x0000001c   Code   RO         7461    i.tim_irq_callback  ebox_it.o
    0x08004d5c   0x08004d5c   0x0000002c   Code   RO         8473    locale$$code        c_w.l(lc_ctype_c.o)
    0x08004d88   0x08004d88   0x0000002c   Code   RO         8669    locale$$code        c_w.l(lc_numeric_c.o)
    0x08004db4   0x08004db4   0x00000008   Code   RO         5131    t._ZN19FunctionPointerArg1IvvE6attachEPFvvE  ebox_3steper.o
    0x08004dbc   0x08004dbc   0x00000018   Code   RO         8551    x$fpl$dcmpinf       fz_ws.l(dcmpi.o)
    0x08004dd4   0x08004dd4   0x00000078   Code   RO         8276    x$fpl$deqf          fz_ws.l(deqf.o)
    0x08004e4c   0x08004e4c   0x0000009c   Code   RO         8553    x$fpl$dnaninf       fz_ws.l(dnaninf.o)
    0x08004ee8   0x08004ee8   0x0000000c   Code   RO         8555    x$fpl$dretinf       fz_ws.l(dretinf.o)
    0x08004ef4   0x08004ef4   0x00000056   Code   RO         8298    x$fpl$f2d           fz_ws.l(f2d.o)
    0x08004f4a   0x08004f4a   0x00000018   Code   RO         8557    x$fpl$fcmpinf       fz_ws.l(fcmpi.o)
    0x08004f62   0x08004f62   0x00000002   PAD
    0x08004f64   0x08004f64   0x00000068   Code   RO         8300    x$fpl$feqf          fz_ws.l(feqf.o)
    0x08004fcc   0x08004fcc   0x0000008c   Code   RO         8561    x$fpl$fnaninf       fz_ws.l(fnaninf.o)
    0x08005058   0x08005058   0x00000004   Code   RO         8320    x$fpl$printf1       fz_ws.l(printf1.o)
    0x0800505c   0x0800505c   0x00000000   Code   RO         8567    x$fpl$usenofp       fz_ws.l(usenofp.o)
    0x0800505c   0x0800505c   0x000000e0   Data   RO         7751    .constdata          rcc.o
    0x0800513c   0x0800513c   0x00000180   Data   RO         7903    .constdata          nvic.o
    0x080052bc   0x080052bc   0x00000011   Data   RO         8101    .constdata          c_w.l(__printf_flags_ss_wp.o)
    0x080052cd   0x080052cd   0x00000003   PAD
    0x080052d0   0x080052d0   0x00000008   Data   RO         8419    .constdata          c_w.l(_printf_wctomb.o)
    0x080052d8   0x080052d8   0x00000028   Data   RO         8448    .constdata          c_w.l(_printf_hex_int_ll_ptr.o)
    0x08005300   0x08005300   0x00000094   Data   RO         8642    .constdata          c_w.l(bigflt0.o)
    0x08005394   0x08005394   0x00000050   Data   RO         5830    .constdata__ZTV3I2c  ebox_i2c.o
    0x080053e4   0x080053e4   0x00000034   Data   RO         6729    .constdata__ZTV3Spi  ebox_softspi.o
    0x08005418   0x08005418   0x00000028   Data   RO         5683    .constdata__ZTV4Gpio  ebox_gpio.o
    0x08005440   0x08005440   0x00000010   Data   RO         7216    .constdata__ZTV4Uart  ebox_uart.o
    0x08005450   0x08005450   0x00000010   Data   RO         3891    .constdata__ZTV5Print  print.o
    0x08005460   0x08005460   0x00000050   Data   RO         5822    .constdata__ZTV6mcuI2c  ebox_i2c.o
    0x080054b0   0x080054b0   0x00000034   Data   RO         6828    .constdata__ZTV6mcuSpi  ebox_spi.o
    0x080054e4   0x080054e4   0x00000050   Data   RO         6603    .constdata__ZTV7SoftI2c  ebox_softi2c.o
    0x08005534   0x08005534   0x00000034   Data   RO         6727    .constdata__ZTV7SoftSpi  ebox_softspi.o
    0x08005568   0x08005568   0x00000028   Data   RO         5675    .constdata__ZTV7mcuGpio  ebox_gpio.o
    0x08005590   0x08005590   0x0000006b   Data   RO         7965    .conststring        main_mystr.o
    0x080055fb   0x080055fb   0x00000001   PAD
    0x080055fc   0x080055fc   0x00000020   Data   RO         8862    Region$$Table       anon$$obj.o
    0x0800561c   0x0800561c   0x00000110   Data   RO         8472    locale$$data        c_w.l(lc_ctype_c.o)
    0x0800572c   0x0800572c   0x0000001c   Data   RO         8668    locale$$data        c_w.l(lc_numeric_c.o)
    0x08005748   0x08005748   0x00000004   Data   RO         5054    .init_array         ebox_3steper.o
    0x0800574c   0x08005748   0x00000004   Data   RO         6180    .init_array         ebox_rtc.o
    0x08005750   0x08005748   0x00000004   Data   RO         7316    .init_array         dma.o
    0x08005754   0x08005748   0x00000004   Data   RO         7682    .init_array         object.o
    0x08005758   0x08005748   0x00000000   Data   RO         8147    .init_array         c_w.l(init_aeabi.o)


    Execution Region RW_IRAM1 (Exec base: 0x20000000, Load base: 0x08005758, Size: 0x000010e0, Max: 0x00010000, ABSOLUTE)

    Exec Addr    Load Addr    Size         Type   Attr      Idx    E Section Name        Object

    0x20000000   0x08005758   0x00000014   Data   RW         1775    .data               stm32f10x_rcc.o
    0x20000014   0x0800576c   0x00000018   Data   RW         3268    .data               ebox_mem.o
    0x2000002c   0x08005784   0x00000004   Data   RW         3356    .data               ebox_printf.o
    0x20000030   0x08005788   0x0000001c   Data   RW         4635    .data               ebox_core.o
    0x2000004c   0x080057a4   0x00000008   Data   RW         5317    .data               ebox_can.o
    0x20000054   0x080057ac   0x00000004   Data   RW         5519    .data               ebox_exti.o
    0x20000058   0x080057b0   0x00000008   Data   RW         6179    .data               ebox_rtc.o
    0x20000060   0x080057b8   0x00000004   Data   RW         6324    .data               ebox_slave_spi.o
    0x20000064   0x080057bc   0x0000000c   Data   RW         7122    .data               ebox_uart.o
    0x20000070   0x080057c8   0x00000004   Data   RW         7315    .data               dma.o
    0x20000074   0x080057cc   0x0000000c   Data   RW         7479    .data               ebox_it.o
    0x20000080   0x080057d8   0x00000014   Data   RW         7594    .data               mcu.o
    0x20000094   0x080057ec   0x00000014   Data   RW         7834    .data               system_stm32f10x.o
    0x200000a8   0x08005800   0x00000002   Data   RW         7966    .data               main_mystr.o
    0x200000aa   0x08005802   0x00000002   PAD
    0x200000ac        -       0x00000024   Zero   RW         3267    .bss                ebox_mem.o
    0x200000d0        -       0x00000030   Zero   RW         4634    .bss                ebox_core.o
    0x20000100        -       0x00000070   Zero   RW         5052    .bss                ebox_3steper.o
    0x20000170        -       0x00000020   Zero   RW         5244    .bss                ebox_analog.o
    0x20000190        -       0x00000040   Zero   RW         5518    .bss                ebox_exti.o
    0x200001d0        -       0x00000048   Zero   RW         6178    .bss                ebox_rtc.o
    0x20000218        -       0x0000000c   Zero   RW         6322    .bss                ebox_slave_spi.o
    0x20000224        -       0x00000014   Zero   RW         7121    .bss                ebox_uart.o
    0x20000238        -       0x00000230   Zero   RW         7314    .bss                dma.o
    0x20000468        -       0x0000006c   Zero   RW         7478    .bss                ebox_it.o
    0x200004d4        -       0x000003fc   Zero   RW         7681    .bss                object.o
    0x200008d0        -       0x000000c8   Zero   RW         7964    .bss                main_mystr.o
    0x20000998        -       0x000000e4   Zero   RW         8113    .bss                c_w.l(rand.o)
    0x20000a7c        -       0x00000060   Zero   RW         8598    .bss                c_w.l(libspace.o)
    0x20000adc   0x08005802   0x00000004   PAD
    0x20000ae0        -       0x00000200   Zero   RW            2    HEAP                startup_stm32f10x_hd.o
    0x20000ce0        -       0x00000400   Zero   RW            1    STACK               startup_stm32f10x_hd.o


==============================================================================

Image component sizes


      Code (inc. data)   RO Data    RW Data    ZI Data      Debug   Object Name

         0          0          0          0          0       4524   core_cm3.o
       866        122          4          4        560      12917   dma.o
         0          0          0          0          0       4852   dstring.o
       196         18          4          0        112       7657   ebox_3steper.o
       440         26          0          0         32       4424   ebox_analog.o
        78         14          0          8          0       5045   ebox_can.o
         0          0          0         28         48       7942   ebox_core.o
       500         56          0          4         64       6031   ebox_exti.o
       380         10         80          0          0       6412   ebox_gpio.o
        32          8        160          0          0       5688   ebox_i2c.o
       112         56          0          0          0     271778   ebox_init.o
       864         56          0         12        108       9687   ebox_it.o
       610        104          0         24         36       7409   ebox_mem.o
       120          8          0          4          0       3637   ebox_printf.o
       140         18          4          8         72       2391   ebox_rtc.o
        40         12          0          4         12       5904   ebox_slave_spi.o
        24          8         80          0          0       3080   ebox_softi2c.o
        28          8        104          0          0       4096   ebox_softspi.o
        80         10         52          0          0       1984   ebox_spi.o
      2074        210         16         12         20      19164   ebox_uart.o
       190          0          0          0          0       2543   fifo.o
       452        124        107          2        200       2775   main_mystr.o
       704         88          0         20          0      23044   mcu.o
        60         10          0          0          0     282661   misc.o
         0          0          0          0          0       1989   new.o
       244         20        384          0          0       4017   nvic.o
       804        240          4          0       1020       9114   object.o
       170          0         16          0          0      12600   print.o
        30          0          0          0          0       1063   random.o
        96         14        224          0          0     205796   rcc.o
        64         26        304          0       1536        980   startup_stm32f10x_hd.o
       482         24          0          0          0       8850   stm32f10x_adc.o
        22          0          0          0          0       1658   stm32f10x_can.o
       506         26          0          0          0       5723   stm32f10x_dma.o
        52         12          0          0          0       1280   stm32f10x_exti.o
       422          6          0          0          0       3074   stm32f10x_gpio.o
       364         50          0         20          0       6718   stm32f10x_rcc.o
        52          8          0          0          0       1242   stm32f10x_rtc.o
        18          0          0          0          0       1832   stm32f10x_spi.o
        40          0          0          0          0       2030   stm32f10x_tim.o
       498          6          0          0          0       8208   stm32f10x_usart.o
       492         50          0         20          0       2529   system_stm32f10x.o

    ----------------------------------------------------------------------
     12374       1448       1576        172       3820     984348   Object Totals
         0          0         32          0          0          0   (incl. Generated)
        28          0          1          2          0          0   (incl. Padding)

    ----------------------------------------------------------------------

      Code (inc. data)   RO Data    RW Data    ZI Data      Debug   Library Member Name

         8          0          0          0          0         68   __main.o
       392          4         17          0          0         92   __printf_flags_ss_wp.o
        14          0          0          0          0         68   __printf_wp.o
         0          0          0          0          0          0   __rtentry.o
        12          0          0          0          0          0   __rtentry2.o
         6          0          0          0          0          0   __rtentry4.o
        52          8          0          0          0          0   __scatter.o
        26          0          0          0          0          0   __scatter_copy.o
        28          0          0          0          0          0   __scatter_zi.o
         6          0          0          0          0          0   _printf_a.o
         6          0          0          0          0          0   _printf_c.o
        44          0          0          0          0        108   _printf_char.o
        48          6          0          0          0         96   _printf_char_common.o
        40          0          0          0          0         68   _printf_charcount.o
         6          0          0          0          0          0   _printf_d.o
       120         16          0          0          0         92   _printf_dec.o
         6          0          0          0          0          0   _printf_e.o
         6          0          0          0          0          0   _printf_f.o
      1054          0          0          0          0        216   _printf_fp_dec.o
       128         16          0          0          0         84   _printf_fp_infnan.o
         6          0          0          0          0          0   _printf_g.o
       148          4         40          0          0        160   _printf_hex_int_ll_ptr.o
         6          0          0          0          0          0   _printf_i.o
       178          0          0          0          0         88   _printf_intcommon.o
        10          0          0          0          0          0   _printf_l.o
         6          0          0          0          0          0   _printf_lc.o
        10          0          0          0          0          0   _printf_ll.o
         6          0          0          0          0          0   _printf_lld.o
         6          0          0          0          0          0   _printf_lli.o
         6          0          0          0          0          0   _printf_llo.o
         6          0          0          0          0          0   _printf_llu.o
         6          0          0          0          0          0   _printf_llx.o
       124         16          0          0          0         92   _printf_longlong_dec.o
         6          0          0          0          0          0   _printf_ls.o
         6          0          0          0          0          0   _printf_n.o
         6          0          0          0          0          0   _printf_o.o
       112         10          0          0          0        124   _printf_oct_int_ll.o
         6          0          0          0          0          0   _printf_p.o
        78          0          0          0          0        108   _printf_pad.o
         0          0          0          0          0          0   _printf_percent.o
         4          0          0          0          0          0   _printf_percent_end.o
         6          0          0          0          0          0   _printf_s.o
        82          0          0          0          0         80   _printf_str.o
        36          0          0          0          0         84   _printf_truncate.o
         6          0          0          0          0          0   _printf_u.o
        44          0          0          0          0        108   _printf_wchar.o
       188          6          8          0          0         92   _printf_wctomb.o
         6          0          0          0          0          0   _printf_x.o
        16          0          0          0          0         68   _snputc.o
        10          0          0          0          0         68   _sputc.o
        64          0          0          0          0         92   _wcrtomb.o
        46          0          0          0          0         84   aeabi_atexit.o
       228          4        148          0          0         96   bigflt0.o
      1936        128          0          0          0        672   btod.o
        52          4          0          0          0         80   c89vsnprintf.o
        66          0          0          0          0         84   cxa_finalize.o
        10          0          0          0          0         68   defsig_exit.o
        50          0          0          0          0         88   defsig_general.o
        48         34          0          0          0         76   defsig_pvfn_inner.o
        14          0          0          0          0         80   defsig_pvfn_outer.o
        80         58          0          0          0         76   defsig_rtmem_inner.o
        14          0          0          0          0         80   defsig_rtmem_outer.o
        18          0          0          0          0         80   exit.o
        94          0          0          0          0         80   h1_alloc.o
        52          0          0          0          0         68   h1_extend.o
        78          0          0          0          0         80   h1_free.o
        14          0          0          0          0         84   h1_init.o
         6          0          0          0          0        152   heapauxi.o
         4          0          0          0          0        136   hguard.o
         0          0          0          0          0          0   indicate_semi.o
        36         10          0          0          0         80   init_aeabi.o
       138          0          0          0          0        168   init_alloc.o
        44         10        272          0          0         76   lc_ctype_c.o
        44         10         28          0          0         76   lc_numeric_c.o
         2          0          0          0          0          0   libinit.o
        46          0          0          0          0          0   libinit2.o
         2          0          0          0          0          0   libshutdown.o
         8          0          0          0          0          0   libshutdown2.o
         8          4          0          0         96         68   libspace.o
       138          0          0          0          0         80   lludiv10.o
       238          0          0          0          0        100   lludivv7m.o
         0          0          0          0          0          0   maybetermalloc1.o
       112         18          0          0        228        160   rand.o
        16          4          0          0          0         76   rt_ctype_table.o
         8          4          0          0          0         68   rt_ddtor_pointer_addr_intlibspace.o
         8          4          0          0          0         68   rt_heap_descriptor_intlibspace.o
         8          4          0          0          0         68   rt_locale_intlibspace.o
         2          0          0          0          0          0   rtexit.o
        10          0          0          0          0          0   rtexit2.o
       128          0          0          0          0         68   strcmpv7m.o
        12          4          0          0          0         68   sys_exit.o
        74          0          0          0          0         80   sys_stackheap_outer.o
        14          0          0          0          0         76   sys_wrch.o
         2          0          0          0          0         68   use_no_semi.o
        36          0          0          0          0         84   aeabi_vec_ctor_nocookie_nodtor.o
         6          0          0          0          0         68   pure_virt.o
        24          0          0          0          0         68   dcmpi.o
       120          4          0          0          0         92   deqf.o
       156          4          0          0          0         92   dnaninf.o
        12          0          0          0          0         68   dretinf.o
        86          4          0          0          0         84   f2d.o
        24          0          0          0          0         68   fcmpi.o
       104          4          0          0          0         84   feqf.o
       140          4          0          0          0         84   fnaninf.o
         4          0          0          0          0         68   printf1.o
         0          0          0          0          0          0   usenofp.o
        16          0          0          0          0        136   irq.o
        40          0          0          0          0         68   fpclassify.o

    ----------------------------------------------------------------------
      7894        406        516          0        328       6732   Library Totals
        22          0          3          0          4          0   (incl. Padding)

    ----------------------------------------------------------------------

      Code (inc. data)   RO Data    RW Data    ZI Data      Debug   Library Name

      7104        386        513          0        324       5668   c_w.l
        42          0          0          0          0        152   cpprt_w.l
       670         20          0          0          0        708   fz_ws.l
        16          0          0          0          0        136   h_w.l
        40          0          0          0          0         68   m_ws.l

    ----------------------------------------------------------------------
      7894        406        516          0        328       6732   Library Totals

    ----------------------------------------------------------------------

==============================================================================


      Code (inc. data)   RO Data    RW Data    ZI Data      Debug   

     20268       1854       2092        172       4148     979064   Grand Totals
     20268       1854       2092        172       4148     979064   ELF Image Totals
     20268       1854       2092        172          0          0   ROM Totals

==============================================================================

    Total RO  Size (Code + RO Data)                22360 (  21.84kB)
    Total RW  Size (RW Data + ZI Data)              4320 (   4.22kB)
    Total ROM Size (Code + RO Data + RW Data)      22532 (  22.00kB)

==============================================================================

